Archive member included because of file (symbol)

/usr/lib/gcc/avr/4.5.3/../../../avr/lib/avr6/libm.a(floatsisf.o)
                              ./main.o (__floatunsisf)
/usr/lib/gcc/avr/4.5.3/../../../avr/lib/avr6/libm.a(mulsf3.o)
                              ./main.o (__mulsf3)
/usr/lib/gcc/avr/4.5.3/../../../avr/lib/avr6/libm.a(mulsf3x.o)
                              /usr/lib/gcc/avr/4.5.3/../../../avr/lib/avr6/libm.a(mulsf3.o) (__mulsf3x)
/usr/lib/gcc/avr/4.5.3/../../../avr/lib/avr6/libm.a(fp_inf.o)
                              /usr/lib/gcc/avr/4.5.3/../../../avr/lib/avr6/libm.a(mulsf3x.o) (__fp_inf)
/usr/lib/gcc/avr/4.5.3/../../../avr/lib/avr6/libm.a(fp_nan.o)
                              /usr/lib/gcc/avr/4.5.3/../../../avr/lib/avr6/libm.a(mulsf3x.o) (__fp_nan)
/usr/lib/gcc/avr/4.5.3/../../../avr/lib/avr6/libm.a(fp_pscA.o)
                              /usr/lib/gcc/avr/4.5.3/../../../avr/lib/avr6/libm.a(mulsf3x.o) (__fp_pscA)
/usr/lib/gcc/avr/4.5.3/../../../avr/lib/avr6/libm.a(fp_pscB.o)
                              /usr/lib/gcc/avr/4.5.3/../../../avr/lib/avr6/libm.a(mulsf3x.o) (__fp_pscB)
/usr/lib/gcc/avr/4.5.3/../../../avr/lib/avr6/libm.a(fp_round.o)
                              /usr/lib/gcc/avr/4.5.3/../../../avr/lib/avr6/libm.a(mulsf3.o) (__fp_round)
/usr/lib/gcc/avr/4.5.3/../../../avr/lib/avr6/libm.a(fp_split3.o)
                              /usr/lib/gcc/avr/4.5.3/../../../avr/lib/avr6/libm.a(mulsf3x.o) (__fp_split3)
/usr/lib/gcc/avr/4.5.3/../../../avr/lib/avr6/libm.a(fp_zero.o)
                              /usr/lib/gcc/avr/4.5.3/../../../avr/lib/avr6/libm.a(mulsf3x.o) (__fp_szero)
/usr/lib/gcc/avr/4.5.3/../../../avr/lib/avr6/libprintf_flt.a(vfprintf_flt.o)
                              (vfprintf)
/usr/lib/gcc/avr/4.5.3/avr6/libgcc.a(_divmodsi4.o)
                              ./UART_lib/UART_lib.o (__divmodsi4)
/usr/lib/gcc/avr/4.5.3/avr6/libgcc.a(_exit.o)
                              /usr/lib/gcc/avr/4.5.3/../../../avr/lib/avr6/crtm2560.o (exit)
/usr/lib/gcc/avr/4.5.3/avr6/libgcc.a(_copy_data.o)
                              ./main.o (__do_copy_data)
/usr/lib/gcc/avr/4.5.3/avr6/libgcc.a(_udivmodsi4.o)
                              /usr/lib/gcc/avr/4.5.3/avr6/libgcc.a(_divmodsi4.o) (__udivmodsi4)
/usr/lib/gcc/avr/4.5.3/../../../avr/lib/avr6/libc.a(ftoa_engine.o)
                              /usr/lib/gcc/avr/4.5.3/../../../avr/lib/avr6/libprintf_flt.a(vfprintf_flt.o) (__ftoa_engine)
/usr/lib/gcc/avr/4.5.3/../../../avr/lib/avr6/libc.a(strnlen_P.o)
                              /usr/lib/gcc/avr/4.5.3/../../../avr/lib/avr6/libprintf_flt.a(vfprintf_flt.o) (strnlen_P)
/usr/lib/gcc/avr/4.5.3/../../../avr/lib/avr6/libc.a(strnlen.o)
                              /usr/lib/gcc/avr/4.5.3/../../../avr/lib/avr6/libprintf_flt.a(vfprintf_flt.o) (strnlen)
/usr/lib/gcc/avr/4.5.3/../../../avr/lib/avr6/libc.a(fputc.o)
                              /usr/lib/gcc/avr/4.5.3/../../../avr/lib/avr6/libprintf_flt.a(vfprintf_flt.o) (fputc)
/usr/lib/gcc/avr/4.5.3/../../../avr/lib/avr6/libc.a(sprintf.o)
                              ./main.o (sprintf)
/usr/lib/gcc/avr/4.5.3/../../../avr/lib/avr6/libc.a(ultoa_invert.o)
                              /usr/lib/gcc/avr/4.5.3/../../../avr/lib/avr6/libprintf_flt.a(vfprintf_flt.o) (__ultoa_invert)

Memory Configuration

Name             Origin             Length             Attributes
text             0x0000000000000000 0x0000000000100000 xr
data             0x0000000000800200 0x000000000000fe00 rw !x
eeprom           0x0000000000810000 0x0000000000010000 rw !x
fuse             0x0000000000820000 0x0000000000000400 rw !x
lock             0x0000000000830000 0x0000000000000400 rw !x
signature        0x0000000000840000 0x0000000000000400 rw !x
*default*        0x0000000000000000 0xffffffffffffffff

Linker script and memory map

Address of section .data set to 0x800200
LOAD /usr/lib/gcc/avr/4.5.3/../../../avr/lib/avr6/crtm2560.o
LOAD ./UART_lib/UART_lib.o
LOAD ./HD44780/HD44780.o
LOAD ./main.o
LOAD /usr/lib/gcc/avr/4.5.3/../../../avr/lib/avr6/libm.a
LOAD /usr/lib/gcc/avr/4.5.3/../../../avr/lib/avr6/libprintf_flt.a
LOAD /usr/lib/gcc/avr/4.5.3/avr6/libgcc.a
LOAD /usr/lib/gcc/avr/4.5.3/../../../avr/lib/avr6/libc.a
LOAD /usr/lib/gcc/avr/4.5.3/avr6/libgcc.a

.hash
 *(.hash)

.dynsym
 *(.dynsym)

.dynstr
 *(.dynstr)

.gnu.version
 *(.gnu.version)

.gnu.version_d
 *(.gnu.version_d)

.gnu.version_r
 *(.gnu.version_r)

.rel.init
 *(.rel.init)

.rela.init
 *(.rela.init)

.rel.text
 *(.rel.text)
 *(.rel.text.*)
 *(.rel.gnu.linkonce.t*)

.rela.text
 *(.rela.text)
 *(.rela.text.*)
 *(.rela.gnu.linkonce.t*)

.rel.fini
 *(.rel.fini)

.rela.fini
 *(.rela.fini)

.rel.rodata
 *(.rel.rodata)
 *(.rel.rodata.*)
 *(.rel.gnu.linkonce.r*)

.rela.rodata
 *(.rela.rodata)
 *(.rela.rodata.*)
 *(.rela.gnu.linkonce.r*)

.rel.data
 *(.rel.data)
 *(.rel.data.*)
 *(.rel.gnu.linkonce.d*)

.rela.data
 *(.rela.data)
 *(.rela.data.*)
 *(.rela.gnu.linkonce.d*)

.rel.ctors
 *(.rel.ctors)

.rela.ctors
 *(.rela.ctors)

.rel.dtors
 *(.rel.dtors)

.rela.dtors
 *(.rela.dtors)

.rel.got
 *(.rel.got)

.rela.got
 *(.rela.got)

.rel.bss
 *(.rel.bss)

.rela.bss
 *(.rela.bss)

.rel.plt
 *(.rel.plt)

.rela.plt
 *(.rela.plt)

.text           0x0000000000000000     0x1316
 *(.vectors)
 .vectors       0x0000000000000000       0xe4 /usr/lib/gcc/avr/4.5.3/../../../avr/lib/avr6/crtm2560.o
                0x0000000000000000                __vectors
                0x0000000000000000                __vector_default
 *(.vectors)
 *(.progmem.gcc*)
 *(.progmem*)
 .progmem.data  0x00000000000000e4        0x8 /usr/lib/gcc/avr/4.5.3/../../../avr/lib/avr6/libprintf_flt.a(vfprintf_flt.o)
 .progmem.data  0x00000000000000ec       0xfa /usr/lib/gcc/avr/4.5.3/../../../avr/lib/avr6/libc.a(ftoa_engine.o)
                0x00000000000001e6                . = ALIGN (0x2)
                0x00000000000001e6                __trampolines_start = .
 *(.trampolines)
 .trampolines   0x00000000000001e6        0x0 linker stubs
 *(.trampolines*)
                0x00000000000001e6                __trampolines_end = .
 *(.jumptables)
 *(.jumptables*)
 *(.lowtext)
 *(.lowtext*)
                0x00000000000001e6                __ctors_start = .
 *(.ctors)
                0x00000000000001e6                __ctors_end = .
                0x00000000000001e6                __dtors_start = .
 *(.dtors)
                0x00000000000001e6                __dtors_end = .
 SORT(*)(.ctors)
 SORT(*)(.dtors)
 *(.init0)
 .init0         0x00000000000001e6        0x0 /usr/lib/gcc/avr/4.5.3/../../../avr/lib/avr6/crtm2560.o
                0x00000000000001e6                __init
 *(.init0)
 *(.init1)
 *(.init1)
 *(.init2)
 .init2         0x00000000000001e6       0x10 /usr/lib/gcc/avr/4.5.3/../../../avr/lib/avr6/crtm2560.o
 *(.init2)
 *(.init3)
 *(.init3)
 *(.init4)
 .init4         0x00000000000001f6       0x1a /usr/lib/gcc/avr/4.5.3/avr6/libgcc.a(_copy_data.o)
                0x00000000000001f6                __do_copy_data
 *(.init4)
 *(.init5)
 *(.init5)
 *(.init6)
 *(.init6)
 *(.init7)
 *(.init7)
 *(.init8)
 *(.init8)
 *(.init9)
 .init9         0x0000000000000210        0x8 /usr/lib/gcc/avr/4.5.3/../../../avr/lib/avr6/crtm2560.o
 *(.init9)
 *(.text)
 .text          0x0000000000000218        0x4 /usr/lib/gcc/avr/4.5.3/../../../avr/lib/avr6/crtm2560.o
                0x0000000000000218                __vector_38
                0x0000000000000218                __vector_22
                0x0000000000000218                __vector_28
                0x0000000000000218                __vector_1
                0x0000000000000218                __vector_32
                0x0000000000000218                __vector_34
                0x0000000000000218                __vector_24
                0x0000000000000218                __vector_12
                0x0000000000000218                __vector_55
                0x0000000000000218                __vector_46
                0x0000000000000218                __bad_interrupt
                0x0000000000000218                __vector_6
                0x0000000000000218                __vector_31
                0x0000000000000218                __vector_35
                0x0000000000000218                __vector_39
                0x0000000000000218                __vector_3
                0x0000000000000218                __vector_23
                0x0000000000000218                __vector_30
                0x0000000000000218                __vector_45
                0x0000000000000218                __vector_25
                0x0000000000000218                __vector_11
                0x0000000000000218                __vector_54
                0x0000000000000218                __vector_13
                0x0000000000000218                __vector_17
                0x0000000000000218                __vector_19
                0x0000000000000218                __vector_56
                0x0000000000000218                __vector_7
                0x0000000000000218                __vector_49
                0x0000000000000218                __vector_41
                0x0000000000000218                __vector_43
                0x0000000000000218                __vector_27
                0x0000000000000218                __vector_5
                0x0000000000000218                __vector_33
                0x0000000000000218                __vector_47
                0x0000000000000218                __vector_52
                0x0000000000000218                __vector_37
                0x0000000000000218                __vector_4
                0x0000000000000218                __vector_44
                0x0000000000000218                __vector_51
                0x0000000000000218                __vector_9
                0x0000000000000218                __vector_2
                0x0000000000000218                __vector_21
                0x0000000000000218                __vector_15
                0x0000000000000218                __vector_36
                0x0000000000000218                __vector_29
                0x0000000000000218                __vector_40
                0x0000000000000218                __vector_8
                0x0000000000000218                __vector_26
                0x0000000000000218                __vector_48
                0x0000000000000218                __vector_14
                0x0000000000000218                __vector_53
                0x0000000000000218                __vector_10
                0x0000000000000218                __vector_50
                0x0000000000000218                __vector_16
                0x0000000000000218                __vector_18
                0x0000000000000218                __vector_20
                0x0000000000000218                __vector_42
 .text          0x000000000000021c       0x70 ./UART_lib/UART_lib.o
                0x000000000000021c                USART_Init
                0x0000000000000248                USART_pub
                0x0000000000000256                USART_sub
                0x0000000000000264                USART_publong
 .text          0x000000000000028c      0x1fa ./HD44780/HD44780.o
                0x000000000000028c                _LCD_OutNibble
                0x00000000000002b6                _LCD_InNibble
                0x00000000000002ca                _LCD_Read
                0x00000000000002f2                LCD_ReadStatus
                0x00000000000002fa                _LCD_Write
                0x000000000000032a                LCD_WriteCommand
                0x0000000000000332                LCD_WriteData
                0x000000000000033a                LCD_ReadData
                0x0000000000000342                LCD_WriteText
                0x000000000000036a                LCD_GoTo
                0x000000000000037e                LCD_Clear
                0x0000000000000392                LCD_Home
                0x00000000000003a6                LCD_Initalize
                0x000000000000041c                LCD_ProgrammChar
                0x000000000000046e                LCD_Lightness
 .text          0x0000000000000486      0x182 ./main.o
                0x0000000000000486                ADC_Init
                0x00000000000004ac                main
 .text          0x0000000000000608        0x0 /usr/lib/gcc/avr/4.5.3/../../../avr/lib/avr6/libm.a(floatsisf.o)
 .text          0x0000000000000608        0x0 /usr/lib/gcc/avr/4.5.3/../../../avr/lib/avr6/libm.a(mulsf3.o)
 .text          0x0000000000000608        0x0 /usr/lib/gcc/avr/4.5.3/../../../avr/lib/avr6/libm.a(mulsf3x.o)
 .text          0x0000000000000608        0x0 /usr/lib/gcc/avr/4.5.3/../../../avr/lib/avr6/libm.a(fp_inf.o)
 .text          0x0000000000000608        0x0 /usr/lib/gcc/avr/4.5.3/../../../avr/lib/avr6/libm.a(fp_nan.o)
 .text          0x0000000000000608        0x0 /usr/lib/gcc/avr/4.5.3/../../../avr/lib/avr6/libm.a(fp_pscA.o)
 .text          0x0000000000000608        0x0 /usr/lib/gcc/avr/4.5.3/../../../avr/lib/avr6/libm.a(fp_pscB.o)
 .text          0x0000000000000608        0x0 /usr/lib/gcc/avr/4.5.3/../../../avr/lib/avr6/libm.a(fp_round.o)
 .text          0x0000000000000608        0x0 /usr/lib/gcc/avr/4.5.3/../../../avr/lib/avr6/libm.a(fp_split3.o)
 .text          0x0000000000000608        0x0 /usr/lib/gcc/avr/4.5.3/../../../avr/lib/avr6/libm.a(fp_zero.o)
 .text          0x0000000000000608        0x0 /usr/lib/gcc/avr/4.5.3/../../../avr/lib/avr6/libprintf_flt.a(vfprintf_flt.o)
 .text          0x0000000000000608        0x0 /usr/lib/gcc/avr/4.5.3/avr6/libgcc.a(_divmodsi4.o)
 .text          0x0000000000000608        0x0 /usr/lib/gcc/avr/4.5.3/avr6/libgcc.a(_exit.o)
 .text          0x0000000000000608        0x0 /usr/lib/gcc/avr/4.5.3/avr6/libgcc.a(_copy_data.o)
 .text          0x0000000000000608        0x0 /usr/lib/gcc/avr/4.5.3/avr6/libgcc.a(_udivmodsi4.o)
 .text          0x0000000000000608        0x0 /usr/lib/gcc/avr/4.5.3/../../../avr/lib/avr6/libc.a(ftoa_engine.o)
 .text          0x0000000000000608        0x0 /usr/lib/gcc/avr/4.5.3/../../../avr/lib/avr6/libc.a(strnlen_P.o)
 .text          0x0000000000000608        0x0 /usr/lib/gcc/avr/4.5.3/../../../avr/lib/avr6/libc.a(strnlen.o)
 .text          0x0000000000000608        0x0 /usr/lib/gcc/avr/4.5.3/../../../avr/lib/avr6/libc.a(fputc.o)
 .text          0x0000000000000608        0x0 /usr/lib/gcc/avr/4.5.3/../../../avr/lib/avr6/libc.a(sprintf.o)
 .text          0x0000000000000608        0x0 /usr/lib/gcc/avr/4.5.3/../../../avr/lib/avr6/libc.a(ultoa_invert.o)
                0x0000000000000608                . = ALIGN (0x2)
 *(.text.*)
 .text.avr-libc.fplib
                0x0000000000000608       0x7a /usr/lib/gcc/avr/4.5.3/../../../avr/lib/avr6/libm.a(floatsisf.o)
                0x0000000000000608                __floatunsisf
                0x000000000000060c                __floatsisf
 .text.avr-libc.fplib
                0x0000000000000682        0x4 /usr/lib/gcc/avr/4.5.3/../../../avr/lib/avr6/libm.a(mulsf3.o)
                0x0000000000000682                __mulsf3
 .text.avr-libc.fplib
                0x0000000000000686       0xc2 /usr/lib/gcc/avr/4.5.3/../../../avr/lib/avr6/libm.a(mulsf3x.o)
                0x000000000000069a                __mulsf3x
                0x000000000000069e                __mulsf3_pse
 .text.avr-libc.fplib
                0x0000000000000748        0xc /usr/lib/gcc/avr/4.5.3/../../../avr/lib/avr6/libm.a(fp_inf.o)
                0x0000000000000748                __fp_inf
 .text.avr-libc.fplib
                0x0000000000000754        0x6 /usr/lib/gcc/avr/4.5.3/../../../avr/lib/avr6/libm.a(fp_nan.o)
                0x0000000000000754                __fp_nan
 .text.avr-libc.fplib
                0x000000000000075a        0xe /usr/lib/gcc/avr/4.5.3/../../../avr/lib/avr6/libm.a(fp_pscA.o)
                0x000000000000075a                __fp_pscA
 .text.avr-libc.fplib
                0x0000000000000768        0xe /usr/lib/gcc/avr/4.5.3/../../../avr/lib/avr6/libm.a(fp_pscB.o)
                0x0000000000000768                __fp_pscB
 .text.avr-libc.fplib
                0x0000000000000776       0x22 /usr/lib/gcc/avr/4.5.3/../../../avr/lib/avr6/libm.a(fp_round.o)
                0x0000000000000776                __fp_round
 .text.avr-libc.fplib
                0x0000000000000798       0x44 /usr/lib/gcc/avr/4.5.3/../../../avr/lib/avr6/libm.a(fp_split3.o)
                0x0000000000000798                __fp_split3
                0x00000000000007a8                __fp_splitA
 .text.avr-libc.fplib
                0x00000000000007dc        0xe /usr/lib/gcc/avr/4.5.3/../../../avr/lib/avr6/libm.a(fp_zero.o)
                0x00000000000007dc                __fp_zero
                0x00000000000007de                __fp_szero
 .text.avr-libc
                0x00000000000007ea      0x75e /usr/lib/gcc/avr/4.5.3/../../../avr/lib/avr6/libprintf_flt.a(vfprintf_flt.o)
                0x00000000000007ea                vfprintf
 .text.libgcc   0x0000000000000f48       0x36 /usr/lib/gcc/avr/4.5.3/avr6/libgcc.a(_divmodsi4.o)
                0x0000000000000f48                __divmodsi4
 .text.libgcc   0x0000000000000f7e        0x0 /usr/lib/gcc/avr/4.5.3/avr6/libgcc.a(_exit.o)
 .text.libgcc   0x0000000000000f7e        0x0 /usr/lib/gcc/avr/4.5.3/avr6/libgcc.a(_copy_data.o)
 .text.libgcc   0x0000000000000f7e       0x44 /usr/lib/gcc/avr/4.5.3/avr6/libgcc.a(_udivmodsi4.o)
                0x0000000000000f7e                __udivmodsi4
 .text.avr-libc
                0x0000000000000fc2      0x1b0 /usr/lib/gcc/avr/4.5.3/../../../avr/lib/avr6/libc.a(ftoa_engine.o)
                0x0000000000000fc2                __ftoa_engine
 .text.avr-libc
                0x0000000000001172       0x16 /usr/lib/gcc/avr/4.5.3/../../../avr/lib/avr6/libc.a(strnlen_P.o)
                0x0000000000001172                strnlen_P
 .text.avr-libc
                0x0000000000001188       0x16 /usr/lib/gcc/avr/4.5.3/../../../avr/lib/avr6/libc.a(strnlen.o)
                0x0000000000001188                strnlen
 .text.avr-libc
                0x000000000000119e       0x58 /usr/lib/gcc/avr/4.5.3/../../../avr/lib/avr6/libc.a(fputc.o)
                0x000000000000119e                fputc
 .text.avr-libc
                0x00000000000011f6       0x60 /usr/lib/gcc/avr/4.5.3/../../../avr/lib/avr6/libc.a(sprintf.o)
                0x00000000000011f6                sprintf
 .text.avr-libc
                0x0000000000001256       0xbc /usr/lib/gcc/avr/4.5.3/../../../avr/lib/avr6/libc.a(ultoa_invert.o)
                0x0000000000001256                __ultoa_invert
                0x0000000000001312                . = ALIGN (0x2)
 *(.fini9)
 .fini9         0x0000000000001312        0x0 /usr/lib/gcc/avr/4.5.3/avr6/libgcc.a(_exit.o)
                0x0000000000001312                exit
                0x0000000000001312                _exit
 *(.fini9)
 *(.fini8)
 *(.fini8)
 *(.fini7)
 *(.fini7)
 *(.fini6)
 *(.fini6)
 *(.fini5)
 *(.fini5)
 *(.fini4)
 *(.fini4)
 *(.fini3)
 *(.fini3)
 *(.fini2)
 *(.fini2)
 *(.fini1)
 *(.fini1)
 *(.fini0)
 .fini0         0x0000000000001312        0x4 /usr/lib/gcc/avr/4.5.3/avr6/libgcc.a(_exit.o)
 *(.fini0)
                0x0000000000001316                _etext = .

.data           0x0000000000800200       0x22 load address 0x0000000000001316
                0x0000000000800200                PROVIDE (__data_start, .)
 *(.data)
 .data          0x0000000000800200        0x0 /usr/lib/gcc/avr/4.5.3/../../../avr/lib/avr6/crtm2560.o
 .data          0x0000000000800200        0x0 ./UART_lib/UART_lib.o
 .data          0x0000000000800200        0x0 ./HD44780/HD44780.o
 .data          0x0000000000800200       0x22 ./main.o
 .data          0x0000000000800222        0x0 /usr/lib/gcc/avr/4.5.3/../../../avr/lib/avr6/libm.a(floatsisf.o)
 .data          0x0000000000800222        0x0 /usr/lib/gcc/avr/4.5.3/../../../avr/lib/avr6/libm.a(mulsf3.o)
 .data          0x0000000000800222        0x0 /usr/lib/gcc/avr/4.5.3/../../../avr/lib/avr6/libm.a(mulsf3x.o)
 .data          0x0000000000800222        0x0 /usr/lib/gcc/avr/4.5.3/../../../avr/lib/avr6/libm.a(fp_inf.o)
 .data          0x0000000000800222        0x0 /usr/lib/gcc/avr/4.5.3/../../../avr/lib/avr6/libm.a(fp_nan.o)
 .data          0x0000000000800222        0x0 /usr/lib/gcc/avr/4.5.3/../../../avr/lib/avr6/libm.a(fp_pscA.o)
 .data          0x0000000000800222        0x0 /usr/lib/gcc/avr/4.5.3/../../../avr/lib/avr6/libm.a(fp_pscB.o)
 .data          0x0000000000800222        0x0 /usr/lib/gcc/avr/4.5.3/../../../avr/lib/avr6/libm.a(fp_round.o)
 .data          0x0000000000800222        0x0 /usr/lib/gcc/avr/4.5.3/../../../avr/lib/avr6/libm.a(fp_split3.o)
 .data          0x0000000000800222        0x0 /usr/lib/gcc/avr/4.5.3/../../../avr/lib/avr6/libm.a(fp_zero.o)
 .data          0x0000000000800222        0x0 /usr/lib/gcc/avr/4.5.3/../../../avr/lib/avr6/libprintf_flt.a(vfprintf_flt.o)
 .data          0x0000000000800222        0x0 /usr/lib/gcc/avr/4.5.3/avr6/libgcc.a(_divmodsi4.o)
 .data          0x0000000000800222        0x0 /usr/lib/gcc/avr/4.5.3/avr6/libgcc.a(_exit.o)
 .data          0x0000000000800222        0x0 /usr/lib/gcc/avr/4.5.3/avr6/libgcc.a(_copy_data.o)
 .data          0x0000000000800222        0x0 /usr/lib/gcc/avr/4.5.3/avr6/libgcc.a(_udivmodsi4.o)
 .data          0x0000000000800222        0x0 /usr/lib/gcc/avr/4.5.3/../../../avr/lib/avr6/libc.a(ftoa_engine.o)
 .data          0x0000000000800222        0x0 /usr/lib/gcc/avr/4.5.3/../../../avr/lib/avr6/libc.a(strnlen_P.o)
 .data          0x0000000000800222        0x0 /usr/lib/gcc/avr/4.5.3/../../../avr/lib/avr6/libc.a(strnlen.o)
 .data          0x0000000000800222        0x0 /usr/lib/gcc/avr/4.5.3/../../../avr/lib/avr6/libc.a(fputc.o)
 .data          0x0000000000800222        0x0 /usr/lib/gcc/avr/4.5.3/../../../avr/lib/avr6/libc.a(sprintf.o)
 .data          0x0000000000800222        0x0 /usr/lib/gcc/avr/4.5.3/../../../avr/lib/avr6/libc.a(ultoa_invert.o)
 *(.data*)
 *(.rodata)
 *(.rodata*)
 *(.gnu.linkonce.d*)
                0x0000000000800222                . = ALIGN (0x2)
                0x0000000000800222                _edata = .
                0x0000000000800222                PROVIDE (__data_end, .)

.bss            0x0000000000800222        0x0
                0x0000000000800222                PROVIDE (__bss_start, .)
 *(.bss)
 .bss           0x0000000000800222        0x0 /usr/lib/gcc/avr/4.5.3/../../../avr/lib/avr6/crtm2560.o
 .bss           0x0000000000800222        0x0 ./UART_lib/UART_lib.o
 .bss           0x0000000000800222        0x0 ./HD44780/HD44780.o
 .bss           0x0000000000800222        0x0 ./main.o
 .bss           0x0000000000800222        0x0 /usr/lib/gcc/avr/4.5.3/../../../avr/lib/avr6/libm.a(floatsisf.o)
 .bss           0x0000000000800222        0x0 /usr/lib/gcc/avr/4.5.3/../../../avr/lib/avr6/libm.a(mulsf3.o)
 .bss           0x0000000000800222        0x0 /usr/lib/gcc/avr/4.5.3/../../../avr/lib/avr6/libm.a(mulsf3x.o)
 .bss           0x0000000000800222        0x0 /usr/lib/gcc/avr/4.5.3/../../../avr/lib/avr6/libm.a(fp_inf.o)
 .bss           0x0000000000800222        0x0 /usr/lib/gcc/avr/4.5.3/../../../avr/lib/avr6/libm.a(fp_nan.o)
 .bss           0x0000000000800222        0x0 /usr/lib/gcc/avr/4.5.3/../../../avr/lib/avr6/libm.a(fp_pscA.o)
 .bss           0x0000000000800222        0x0 /usr/lib/gcc/avr/4.5.3/../../../avr/lib/avr6/libm.a(fp_pscB.o)
 .bss           0x0000000000800222        0x0 /usr/lib/gcc/avr/4.5.3/../../../avr/lib/avr6/libm.a(fp_round.o)
 .bss           0x0000000000800222        0x0 /usr/lib/gcc/avr/4.5.3/../../../avr/lib/avr6/libm.a(fp_split3.o)
 .bss           0x0000000000800222        0x0 /usr/lib/gcc/avr/4.5.3/../../../avr/lib/avr6/libm.a(fp_zero.o)
 .bss           0x0000000000800222        0x0 /usr/lib/gcc/avr/4.5.3/../../../avr/lib/avr6/libprintf_flt.a(vfprintf_flt.o)
 .bss           0x0000000000800222        0x0 /usr/lib/gcc/avr/4.5.3/avr6/libgcc.a(_divmodsi4.o)
 .bss           0x0000000000800222        0x0 /usr/lib/gcc/avr/4.5.3/avr6/libgcc.a(_exit.o)
 .bss           0x0000000000800222        0x0 /usr/lib/gcc/avr/4.5.3/avr6/libgcc.a(_copy_data.o)
 .bss           0x0000000000800222        0x0 /usr/lib/gcc/avr/4.5.3/avr6/libgcc.a(_udivmodsi4.o)
 .bss           0x0000000000800222        0x0 /usr/lib/gcc/avr/4.5.3/../../../avr/lib/avr6/libc.a(ftoa_engine.o)
 .bss           0x0000000000800222        0x0 /usr/lib/gcc/avr/4.5.3/../../../avr/lib/avr6/libc.a(strnlen_P.o)
 .bss           0x0000000000800222        0x0 /usr/lib/gcc/avr/4.5.3/../../../avr/lib/avr6/libc.a(strnlen.o)
 .bss           0x0000000000800222        0x0 /usr/lib/gcc/avr/4.5.3/../../../avr/lib/avr6/libc.a(fputc.o)
 .bss           0x0000000000800222        0x0 /usr/lib/gcc/avr/4.5.3/../../../avr/lib/avr6/libc.a(sprintf.o)
 .bss           0x0000000000800222        0x0 /usr/lib/gcc/avr/4.5.3/../../../avr/lib/avr6/libc.a(ultoa_invert.o)
 *(.bss*)
 *(COMMON)
                0x0000000000800222                PROVIDE (__bss_end, .)
                0x0000000000001316                __data_load_start = LOADADDR (.data)
                0x0000000000001338                __data_load_end = (__data_load_start + SIZEOF (.data))

.noinit         0x0000000000800222        0x0
                0x0000000000800222                PROVIDE (__noinit_start, .)
 *(.noinit*)
                0x0000000000800222                PROVIDE (__noinit_end, .)
                0x0000000000800222                _end = .
                0x0000000000800222                PROVIDE (__heap_start, .)

.eeprom         0x0000000000810000        0x0
 *(.eeprom*)
                0x0000000000810000                __eeprom_end = .

.fuse
 *(.fuse)
 *(.lfuse)
 *(.hfuse)
 *(.efuse)

.lock
 *(.lock*)

.signature
 *(.signature*)

.stab           0x0000000000000000     0x3b58
 *(.stab)
 .stab          0x0000000000000000      0x6e4 /usr/lib/gcc/avr/4.5.3/../../../avr/lib/avr6/crtm2560.o
 .stab          0x00000000000006e4      0x318 /usr/lib/gcc/avr/4.5.3/../../../avr/lib/avr6/libm.a(floatsisf.o)
                                        0x324 (size before relaxing)
 .stab          0x00000000000009fc       0x48 /usr/lib/gcc/avr/4.5.3/../../../avr/lib/avr6/libm.a(mulsf3.o)
                                         0x54 (size before relaxing)
 .stab          0x0000000000000a44      0x4d4 /usr/lib/gcc/avr/4.5.3/../../../avr/lib/avr6/libm.a(mulsf3x.o)
                                        0x4e0 (size before relaxing)
 .stab          0x0000000000000f18       0x78 /usr/lib/gcc/avr/4.5.3/../../../avr/lib/avr6/libm.a(fp_inf.o)
                                         0x84 (size before relaxing)
 .stab          0x0000000000000f90       0x54 /usr/lib/gcc/avr/4.5.3/../../../avr/lib/avr6/libm.a(fp_nan.o)
                                         0x60 (size before relaxing)
 .stab          0x0000000000000fe4       0x84 /usr/lib/gcc/avr/4.5.3/../../../avr/lib/avr6/libm.a(fp_pscA.o)
                                         0x90 (size before relaxing)
 .stab          0x0000000000001068       0x84 /usr/lib/gcc/avr/4.5.3/../../../avr/lib/avr6/libm.a(fp_pscB.o)
                                         0x90 (size before relaxing)
 .stab          0x00000000000010ec       0xfc /usr/lib/gcc/avr/4.5.3/../../../avr/lib/avr6/libm.a(fp_round.o)
                                        0x108 (size before relaxing)
 .stab          0x00000000000011e8      0x1d4 /usr/lib/gcc/avr/4.5.3/../../../avr/lib/avr6/libm.a(fp_split3.o)
                                        0x1e0 (size before relaxing)
 .stab          0x00000000000013bc       0x90 /usr/lib/gcc/avr/4.5.3/../../../avr/lib/avr6/libm.a(fp_zero.o)
                                         0x9c (size before relaxing)
 .stab          0x000000000000144c     0x1344 /usr/lib/gcc/avr/4.5.3/../../../avr/lib/avr6/libprintf_flt.a(vfprintf_flt.o)
                                       0x1350 (size before relaxing)
 .stab          0x0000000000002790      0xa38 /usr/lib/gcc/avr/4.5.3/../../../avr/lib/avr6/libc.a(ftoa_engine.o)
                                        0xa44 (size before relaxing)
 .stab          0x00000000000031c8       0x9c /usr/lib/gcc/avr/4.5.3/../../../avr/lib/avr6/libc.a(strnlen_P.o)
                                         0xa8 (size before relaxing)
 .stab          0x0000000000003264       0x9c /usr/lib/gcc/avr/4.5.3/../../../avr/lib/avr6/libc.a(strnlen.o)
                                         0xa8 (size before relaxing)
 .stab          0x0000000000003300      0x1e0 /usr/lib/gcc/avr/4.5.3/../../../avr/lib/avr6/libc.a(fputc.o)
                                        0x3c0 (size before relaxing)
 .stab          0x00000000000034e0      0x1f8 /usr/lib/gcc/avr/4.5.3/../../../avr/lib/avr6/libc.a(sprintf.o)
                                        0x3d8 (size before relaxing)
 .stab          0x00000000000036d8      0x480 /usr/lib/gcc/avr/4.5.3/../../../avr/lib/avr6/libc.a(ultoa_invert.o)
                                        0x48c (size before relaxing)

.stabstr        0x0000000000000000      0xe9a
 *(.stabstr)
 .stabstr       0x0000000000000000      0xe9a /usr/lib/gcc/avr/4.5.3/../../../avr/lib/avr6/crtm2560.o

.stab.excl
 *(.stab.excl)

.stab.exclstr
 *(.stab.exclstr)

.stab.index
 *(.stab.index)

.stab.indexstr
 *(.stab.indexstr)

.comment
 *(.comment)

.debug
 *(.debug)

.line
 *(.line)

.debug_srcinfo
 *(.debug_srcinfo)

.debug_sfnames
 *(.debug_sfnames)

.debug_aranges
 *(.debug_aranges)

.debug_pubnames
 *(.debug_pubnames)

.debug_info
 *(.debug_info)
 *(.gnu.linkonce.wi.*)

.debug_abbrev
 *(.debug_abbrev)

.debug_line
 *(.debug_line)

.debug_frame
 *(.debug_frame)

.debug_str
 *(.debug_str)

.debug_loc
 *(.debug_loc)

.debug_macinfo
 *(.debug_macinfo)
OUTPUT(ADC_mega_bez.elf elf32-avr)
LOAD linker stubs
