Archive member included because of file (symbol)

/usr/lib/gcc/avr/4.5.3/avr6/libgcc.a(_exit.o)
                              /usr/lib/gcc/avr/4.5.3/../../../avr/lib/avr6/crtm2560.o (exit)
/usr/lib/gcc/avr/4.5.3/avr6/libgcc.a(_clear_bss.o)
                              ./main.o (__do_clear_bss)
/usr/lib/gcc/avr/4.5.3/avr6/libgcc.a(_addsub_sf.o)
                              ./main.o (__addsf3)
/usr/lib/gcc/avr/4.5.3/avr6/libgcc.a(_mul_sf.o)
                              ./main.o (__mulsf3)
/usr/lib/gcc/avr/4.5.3/avr6/libgcc.a(_gt_sf.o)
                              ./main.o (__gtsf2)
/usr/lib/gcc/avr/4.5.3/avr6/libgcc.a(_lt_sf.o)
                              ./main.o (__ltsf2)
/usr/lib/gcc/avr/4.5.3/avr6/libgcc.a(_thenan_sf.o)
                              /usr/lib/gcc/avr/4.5.3/avr6/libgcc.a(_addsub_sf.o) (__thenan_sf)
/usr/lib/gcc/avr/4.5.3/avr6/libgcc.a(_prologue.o)
                              /usr/lib/gcc/avr/4.5.3/avr6/libgcc.a(_addsub_sf.o) (__prologue_saves__)
/usr/lib/gcc/avr/4.5.3/avr6/libgcc.a(_epilogue.o)
                              /usr/lib/gcc/avr/4.5.3/avr6/libgcc.a(_addsub_sf.o) (__epilogue_restores__)
/usr/lib/gcc/avr/4.5.3/avr6/libgcc.a(_copy_data.o)
                              /usr/lib/gcc/avr/4.5.3/avr6/libgcc.a(_thenan_sf.o) (__do_copy_data)
/usr/lib/gcc/avr/4.5.3/avr6/libgcc.a(_pack_sf.o)
                              /usr/lib/gcc/avr/4.5.3/avr6/libgcc.a(_addsub_sf.o) (__pack_f)
/usr/lib/gcc/avr/4.5.3/avr6/libgcc.a(_unpack_sf.o)
                              /usr/lib/gcc/avr/4.5.3/avr6/libgcc.a(_addsub_sf.o) (__unpack_f)
/usr/lib/gcc/avr/4.5.3/avr6/libgcc.a(_fpcmp_parts_sf.o)
                              /usr/lib/gcc/avr/4.5.3/avr6/libgcc.a(_gt_sf.o) (__fpcmp_parts_f)
/usr/lib/gcc/avr/4.5.3/../../../avr/lib/avr6/libc.a(sin.o)
                              ./main.o (sin)
/usr/lib/gcc/avr/4.5.3/../../../avr/lib/avr6/libc.a(fp_rempio2.o)
                              /usr/lib/gcc/avr/4.5.3/../../../avr/lib/avr6/libc.a(sin.o) (__fp_rempio2)
/usr/lib/gcc/avr/4.5.3/../../../avr/lib/avr6/libc.a(fp_sinus.o)
                              /usr/lib/gcc/avr/4.5.3/../../../avr/lib/avr6/libc.a(sin.o) (__fp_sinus)
/usr/lib/gcc/avr/4.5.3/../../../avr/lib/avr6/libc.a(fp_split3.o)
                              /usr/lib/gcc/avr/4.5.3/../../../avr/lib/avr6/libc.a(fp_rempio2.o) (__fp_splitA)
/usr/lib/gcc/avr/4.5.3/../../../avr/lib/avr6/libc.a(addsf3x.o)
                              /usr/lib/gcc/avr/4.5.3/../../../avr/lib/avr6/libc.a(fp_sinus.o) (__addsf3x)
/usr/lib/gcc/avr/4.5.3/../../../avr/lib/avr6/libc.a(fp_inf.o)
                              /usr/lib/gcc/avr/4.5.3/../../../avr/lib/avr6/libc.a(addsf3x.o) (__fp_inf)
/usr/lib/gcc/avr/4.5.3/../../../avr/lib/avr6/libc.a(fp_mpack.o)
                              /usr/lib/gcc/avr/4.5.3/../../../avr/lib/avr6/libc.a(fp_rempio2.o) (__fp_mpack_finite)
/usr/lib/gcc/avr/4.5.3/../../../avr/lib/avr6/libc.a(fp_nan.o)
                              /usr/lib/gcc/avr/4.5.3/../../../avr/lib/avr6/libc.a(fp_rempio2.o) (__fp_nan)
/usr/lib/gcc/avr/4.5.3/../../../avr/lib/avr6/libc.a(fp_powsodd.o)
                              /usr/lib/gcc/avr/4.5.3/../../../avr/lib/avr6/libc.a(fp_sinus.o) (__fp_powsodd)
/usr/lib/gcc/avr/4.5.3/../../../avr/lib/avr6/libc.a(fp_pscA.o)
                              /usr/lib/gcc/avr/4.5.3/../../../avr/lib/avr6/libc.a(addsf3x.o) (__fp_pscA)
/usr/lib/gcc/avr/4.5.3/../../../avr/lib/avr6/libc.a(fp_pscB.o)
                              /usr/lib/gcc/avr/4.5.3/../../../avr/lib/avr6/libc.a(addsf3x.o) (__fp_pscB)
/usr/lib/gcc/avr/4.5.3/../../../avr/lib/avr6/libc.a(fp_round.o)
                              /usr/lib/gcc/avr/4.5.3/../../../avr/lib/avr6/libc.a(fp_sinus.o) (__fp_round)
/usr/lib/gcc/avr/4.5.3/../../../avr/lib/avr6/libc.a(fp_zero.o)
                              /usr/lib/gcc/avr/4.5.3/../../../avr/lib/avr6/libc.a(addsf3x.o) (__fp_zero)
/usr/lib/gcc/avr/4.5.3/../../../avr/lib/avr6/libc.a(fp_powser.o)
                              /usr/lib/gcc/avr/4.5.3/../../../avr/lib/avr6/libc.a(fp_powsodd.o) (__fp_powser)
/usr/lib/gcc/avr/4.5.3/../../../avr/lib/avr6/libc.a(mulsf3x.o)
                              /usr/lib/gcc/avr/4.5.3/../../../avr/lib/avr6/libc.a(fp_powser.o) (__mulsf3x)

Memory Configuration

Name             Origin             Length             Attributes
text             0x0000000000000000 0x0000000000100000 xr
data             0x0000000000800200 0x000000000000fe00 rw !x
eeprom           0x0000000000810000 0x0000000000010000 rw !x
fuse             0x0000000000820000 0x0000000000000400 rw !x
lock             0x0000000000830000 0x0000000000000400 rw !x
signature        0x0000000000840000 0x0000000000000400 rw !x
*default*        0x0000000000000000 0xffffffffffffffff

Linker script and memory map

Address of section .data set to 0x800200
LOAD /usr/lib/gcc/avr/4.5.3/../../../avr/lib/avr6/crtm2560.o
LOAD ./main.o
LOAD /usr/lib/gcc/avr/4.5.3/avr6/libgcc.a
LOAD /usr/lib/gcc/avr/4.5.3/../../../avr/lib/avr6/libc.a
LOAD /usr/lib/gcc/avr/4.5.3/avr6/libgcc.a

.hash
 *(.hash)

.dynsym
 *(.dynsym)

.dynstr
 *(.dynstr)

.gnu.version
 *(.gnu.version)

.gnu.version_d
 *(.gnu.version_d)

.gnu.version_r
 *(.gnu.version_r)

.rel.init
 *(.rel.init)

.rela.init
 *(.rela.init)

.rel.text
 *(.rel.text)
 *(.rel.text.*)
 *(.rel.gnu.linkonce.t*)

.rela.text
 *(.rela.text)
 *(.rela.text.*)
 *(.rela.gnu.linkonce.t*)

.rel.fini
 *(.rel.fini)

.rela.fini
 *(.rela.fini)

.rel.rodata
 *(.rel.rodata)
 *(.rel.rodata.*)
 *(.rel.gnu.linkonce.r*)

.rela.rodata
 *(.rela.rodata)
 *(.rela.rodata.*)
 *(.rela.gnu.linkonce.r*)

.rel.data
 *(.rel.data)
 *(.rel.data.*)
 *(.rel.gnu.linkonce.d*)

.rela.data
 *(.rela.data)
 *(.rela.data.*)
 *(.rela.gnu.linkonce.d*)

.rel.ctors
 *(.rel.ctors)

.rela.ctors
 *(.rela.ctors)

.rel.dtors
 *(.rel.dtors)

.rela.dtors
 *(.rela.dtors)

.rel.got
 *(.rel.got)

.rela.got
 *(.rela.got)

.rel.bss
 *(.rel.bss)

.rela.bss
 *(.rela.bss)

.rel.plt
 *(.rel.plt)

.rela.plt
 *(.rela.plt)

.text           0x0000000000000000      0xfb4
 *(.vectors)
 .vectors       0x0000000000000000       0xe4 /usr/lib/gcc/avr/4.5.3/../../../avr/lib/avr6/crtm2560.o
                0x0000000000000000                __vectors
                0x0000000000000000                __vector_default
 *(.vectors)
 *(.progmem.gcc*)
 .progmem.gcc_fplib
                0x00000000000000e4       0x1e /usr/lib/gcc/avr/4.5.3/../../../avr/lib/avr6/libc.a(fp_sinus.o)
 *(.progmem*)
                0x0000000000000102                . = ALIGN (0x2)
                0x0000000000000102                __trampolines_start = .
 *(.trampolines)
 .trampolines   0x0000000000000102        0x0 linker stubs
 *(.trampolines*)
                0x0000000000000102                __trampolines_end = .
 *(.jumptables)
 *(.jumptables*)
 *(.lowtext)
 *(.lowtext*)
                0x0000000000000102                __ctors_start = .
 *(.ctors)
                0x0000000000000102                __ctors_end = .
                0x0000000000000102                __dtors_start = .
 *(.dtors)
                0x0000000000000102                __dtors_end = .
 SORT(*)(.ctors)
 SORT(*)(.dtors)
 *(.init0)
 .init0         0x0000000000000102        0x0 /usr/lib/gcc/avr/4.5.3/../../../avr/lib/avr6/crtm2560.o
                0x0000000000000102                __init
 *(.init0)
 *(.init1)
 *(.init1)
 *(.init2)
 .init2         0x0000000000000102       0x10 /usr/lib/gcc/avr/4.5.3/../../../avr/lib/avr6/crtm2560.o
 *(.init2)
 *(.init3)
 *(.init3)
 *(.init4)
 .init4         0x0000000000000112       0x10 /usr/lib/gcc/avr/4.5.3/avr6/libgcc.a(_clear_bss.o)
                0x0000000000000112                __do_clear_bss
 .init4         0x0000000000000122       0x1a /usr/lib/gcc/avr/4.5.3/avr6/libgcc.a(_copy_data.o)
                0x0000000000000122                __do_copy_data
 *(.init4)
 *(.init5)
 *(.init5)
 *(.init6)
 *(.init6)
 *(.init7)
 *(.init7)
 *(.init8)
 *(.init8)
 *(.init9)
 .init9         0x000000000000013c        0x8 /usr/lib/gcc/avr/4.5.3/../../../avr/lib/avr6/crtm2560.o
 *(.init9)
 *(.text)
 .text          0x0000000000000144        0x4 /usr/lib/gcc/avr/4.5.3/../../../avr/lib/avr6/crtm2560.o
                0x0000000000000144                __vector_38
                0x0000000000000144                __vector_22
                0x0000000000000144                __vector_28
                0x0000000000000144                __vector_1
                0x0000000000000144                __vector_32
                0x0000000000000144                __vector_34
                0x0000000000000144                __vector_24
                0x0000000000000144                __vector_12
                0x0000000000000144                __vector_55
                0x0000000000000144                __vector_46
                0x0000000000000144                __bad_interrupt
                0x0000000000000144                __vector_6
                0x0000000000000144                __vector_31
                0x0000000000000144                __vector_35
                0x0000000000000144                __vector_39
                0x0000000000000144                __vector_3
                0x0000000000000144                __vector_23
                0x0000000000000144                __vector_30
                0x0000000000000144                __vector_45
                0x0000000000000144                __vector_25
                0x0000000000000144                __vector_11
                0x0000000000000144                __vector_54
                0x0000000000000144                __vector_13
                0x0000000000000144                __vector_17
                0x0000000000000144                __vector_19
                0x0000000000000144                __vector_56
                0x0000000000000144                __vector_7
                0x0000000000000144                __vector_49
                0x0000000000000144                __vector_41
                0x0000000000000144                __vector_43
                0x0000000000000144                __vector_27
                0x0000000000000144                __vector_5
                0x0000000000000144                __vector_33
                0x0000000000000144                __vector_47
                0x0000000000000144                __vector_52
                0x0000000000000144                __vector_37
                0x0000000000000144                __vector_4
                0x0000000000000144                __vector_44
                0x0000000000000144                __vector_51
                0x0000000000000144                __vector_9
                0x0000000000000144                __vector_2
                0x0000000000000144                __vector_21
                0x0000000000000144                __vector_15
                0x0000000000000144                __vector_36
                0x0000000000000144                __vector_29
                0x0000000000000144                __vector_40
                0x0000000000000144                __vector_8
                0x0000000000000144                __vector_26
                0x0000000000000144                __vector_48
                0x0000000000000144                __vector_14
                0x0000000000000144                __vector_53
                0x0000000000000144                __vector_10
                0x0000000000000144                __vector_50
                0x0000000000000144                __vector_16
                0x0000000000000144                __vector_18
                0x0000000000000144                __vector_20
                0x0000000000000144                __vector_42
 .text          0x0000000000000148      0x1ac ./main.o
                0x0000000000000148                main
 .text          0x00000000000002f4        0x0 /usr/lib/gcc/avr/4.5.3/avr6/libgcc.a(_exit.o)
 .text          0x00000000000002f4        0x0 /usr/lib/gcc/avr/4.5.3/avr6/libgcc.a(_clear_bss.o)
 .text          0x00000000000002f4      0x350 /usr/lib/gcc/avr/4.5.3/avr6/libgcc.a(_addsub_sf.o)
                0x0000000000000588                __addsf3
                0x00000000000005e2                __subsf3
 .text          0x0000000000000644      0x1f4 /usr/lib/gcc/avr/4.5.3/avr6/libgcc.a(_mul_sf.o)
                0x0000000000000644                __mulsf3
 .text          0x0000000000000838       0x60 /usr/lib/gcc/avr/4.5.3/avr6/libgcc.a(_gt_sf.o)
                0x0000000000000838                __gtsf2
 .text          0x0000000000000898       0x60 /usr/lib/gcc/avr/4.5.3/avr6/libgcc.a(_lt_sf.o)
                0x0000000000000898                __ltsf2
 .text          0x00000000000008f8        0x0 /usr/lib/gcc/avr/4.5.3/avr6/libgcc.a(_thenan_sf.o)
 .text          0x00000000000008f8        0x0 /usr/lib/gcc/avr/4.5.3/avr6/libgcc.a(_prologue.o)
 .text          0x00000000000008f8        0x0 /usr/lib/gcc/avr/4.5.3/avr6/libgcc.a(_epilogue.o)
 .text          0x00000000000008f8        0x0 /usr/lib/gcc/avr/4.5.3/avr6/libgcc.a(_copy_data.o)
 .text          0x00000000000008f8      0x19c /usr/lib/gcc/avr/4.5.3/avr6/libgcc.a(_pack_sf.o)
                0x00000000000008f8                __pack_f
 .text          0x0000000000000a94       0xd2 /usr/lib/gcc/avr/4.5.3/avr6/libgcc.a(_unpack_sf.o)
                0x0000000000000a94                __unpack_f
 .text          0x0000000000000b66       0xb2 /usr/lib/gcc/avr/4.5.3/avr6/libgcc.a(_fpcmp_parts_sf.o)
                0x0000000000000b66                __fpcmp_parts_f
 .text          0x0000000000000c18        0x0 /usr/lib/gcc/avr/4.5.3/../../../avr/lib/avr6/libc.a(sin.o)
 .text          0x0000000000000c18        0x0 /usr/lib/gcc/avr/4.5.3/../../../avr/lib/avr6/libc.a(fp_rempio2.o)
 .text          0x0000000000000c18        0x0 /usr/lib/gcc/avr/4.5.3/../../../avr/lib/avr6/libc.a(fp_sinus.o)
 .text          0x0000000000000c18        0x0 /usr/lib/gcc/avr/4.5.3/../../../avr/lib/avr6/libc.a(fp_split3.o)
 .text          0x0000000000000c18        0x0 /usr/lib/gcc/avr/4.5.3/../../../avr/lib/avr6/libc.a(addsf3x.o)
 .text          0x0000000000000c18        0x0 /usr/lib/gcc/avr/4.5.3/../../../avr/lib/avr6/libc.a(fp_inf.o)
 .text          0x0000000000000c18        0x0 /usr/lib/gcc/avr/4.5.3/../../../avr/lib/avr6/libc.a(fp_mpack.o)
 .text          0x0000000000000c18        0x0 /usr/lib/gcc/avr/4.5.3/../../../avr/lib/avr6/libc.a(fp_nan.o)
 .text          0x0000000000000c18        0x0 /usr/lib/gcc/avr/4.5.3/../../../avr/lib/avr6/libc.a(fp_powsodd.o)
 .text          0x0000000000000c18        0x0 /usr/lib/gcc/avr/4.5.3/../../../avr/lib/avr6/libc.a(fp_pscA.o)
 .text          0x0000000000000c18        0x0 /usr/lib/gcc/avr/4.5.3/../../../avr/lib/avr6/libc.a(fp_pscB.o)
 .text          0x0000000000000c18        0x0 /usr/lib/gcc/avr/4.5.3/../../../avr/lib/avr6/libc.a(fp_round.o)
 .text          0x0000000000000c18        0x0 /usr/lib/gcc/avr/4.5.3/../../../avr/lib/avr6/libc.a(fp_zero.o)
 .text          0x0000000000000c18        0x0 /usr/lib/gcc/avr/4.5.3/../../../avr/lib/avr6/libc.a(fp_powser.o)
 .text          0x0000000000000c18        0x0 /usr/lib/gcc/avr/4.5.3/../../../avr/lib/avr6/libc.a(mulsf3x.o)
                0x0000000000000c18                . = ALIGN (0x2)
 *(.text.*)
 .text.libgcc   0x0000000000000c18        0x0 /usr/lib/gcc/avr/4.5.3/avr6/libgcc.a(_exit.o)
 .text.libgcc   0x0000000000000c18        0x0 /usr/lib/gcc/avr/4.5.3/avr6/libgcc.a(_clear_bss.o)
 .text.libgcc   0x0000000000000c18       0x38 /usr/lib/gcc/avr/4.5.3/avr6/libgcc.a(_prologue.o)
                0x0000000000000c18                __prologue_saves__
 .text.libgcc   0x0000000000000c50       0x36 /usr/lib/gcc/avr/4.5.3/avr6/libgcc.a(_epilogue.o)
                0x0000000000000c50                __epilogue_restores__
 .text.libgcc   0x0000000000000c86        0x0 /usr/lib/gcc/avr/4.5.3/avr6/libgcc.a(_copy_data.o)
 .text.avr-libc.fplib
                0x0000000000000c86        0xc /usr/lib/gcc/avr/4.5.3/../../../avr/lib/avr6/libc.a(sin.o)
                0x0000000000000c86                sin
 .text.avr-libc.fplib
                0x0000000000000c92       0x50 /usr/lib/gcc/avr/4.5.3/../../../avr/lib/avr6/libc.a(fp_rempio2.o)
                0x0000000000000c94                __fp_rempio2
 .text.avr-libc.fplib
                0x0000000000000ce2       0x22 /usr/lib/gcc/avr/4.5.3/../../../avr/lib/avr6/libc.a(fp_sinus.o)
                0x0000000000000ce2                __fp_sinus
 .text.avr-libc.fplib
                0x0000000000000d04       0x44 /usr/lib/gcc/avr/4.5.3/../../../avr/lib/avr6/libc.a(fp_split3.o)
                0x0000000000000d04                __fp_split3
                0x0000000000000d14                __fp_splitA
 .text.avr-libc.fplib
                0x0000000000000d48       0xc0 /usr/lib/gcc/avr/4.5.3/../../../avr/lib/avr6/libc.a(addsf3x.o)
                0x0000000000000d62                __addsf3x
 .text.avr-libc.fplib
                0x0000000000000e08        0xc /usr/lib/gcc/avr/4.5.3/../../../avr/lib/avr6/libc.a(fp_inf.o)
                0x0000000000000e08                __fp_inf
 .text.avr-libc.fplib
                0x0000000000000e14       0x1c /usr/lib/gcc/avr/4.5.3/../../../avr/lib/avr6/libc.a(fp_mpack.o)
                0x0000000000000e14                __fp_mpack
                0x0000000000000e18                __fp_mpack_finite
 .text.avr-libc.fplib
                0x0000000000000e30        0x6 /usr/lib/gcc/avr/4.5.3/../../../avr/lib/avr6/libc.a(fp_nan.o)
                0x0000000000000e30                __fp_nan
 .text.avr-libc.fplib
                0x0000000000000e36       0x22 /usr/lib/gcc/avr/4.5.3/../../../avr/lib/avr6/libc.a(fp_powsodd.o)
                0x0000000000000e36                __fp_powsodd
 .text.avr-libc.fplib
                0x0000000000000e58        0xe /usr/lib/gcc/avr/4.5.3/../../../avr/lib/avr6/libc.a(fp_pscA.o)
                0x0000000000000e58                __fp_pscA
 .text.avr-libc.fplib
                0x0000000000000e66        0xe /usr/lib/gcc/avr/4.5.3/../../../avr/lib/avr6/libc.a(fp_pscB.o)
                0x0000000000000e66                __fp_pscB
 .text.avr-libc.fplib
                0x0000000000000e74       0x22 /usr/lib/gcc/avr/4.5.3/../../../avr/lib/avr6/libc.a(fp_round.o)
                0x0000000000000e74                __fp_round
 .text.avr-libc.fplib
                0x0000000000000e96        0xe /usr/lib/gcc/avr/4.5.3/../../../avr/lib/avr6/libc.a(fp_zero.o)
                0x0000000000000e96                __fp_zero
                0x0000000000000e98                __fp_szero
 .text.avr-libc.fplib
                0x0000000000000ea4       0x4a /usr/lib/gcc/avr/4.5.3/../../../avr/lib/avr6/libc.a(fp_powser.o)
                0x0000000000000ea4                __fp_powser
 .text.avr-libc.fplib
                0x0000000000000eee       0xc2 /usr/lib/gcc/avr/4.5.3/../../../avr/lib/avr6/libc.a(mulsf3x.o)
                0x0000000000000f02                __mulsf3x
                0x0000000000000f06                __mulsf3_pse
                0x0000000000000fb0                . = ALIGN (0x2)
 *(.fini9)
 .fini9         0x0000000000000fb0        0x0 /usr/lib/gcc/avr/4.5.3/avr6/libgcc.a(_exit.o)
                0x0000000000000fb0                exit
                0x0000000000000fb0                _exit
 *(.fini9)
 *(.fini8)
 *(.fini8)
 *(.fini7)
 *(.fini7)
 *(.fini6)
 *(.fini6)
 *(.fini5)
 *(.fini5)
 *(.fini4)
 *(.fini4)
 *(.fini3)
 *(.fini3)
 *(.fini2)
 *(.fini2)
 *(.fini1)
 *(.fini1)
 *(.fini0)
 .fini0         0x0000000000000fb0        0x4 /usr/lib/gcc/avr/4.5.3/avr6/libgcc.a(_exit.o)
 *(.fini0)
                0x0000000000000fb4                _etext = .

.data           0x0000000000800200        0x8 load address 0x0000000000000fb4
                0x0000000000800200                PROVIDE (__data_start, .)
 *(.data)
 .data          0x0000000000800200        0x0 /usr/lib/gcc/avr/4.5.3/../../../avr/lib/avr6/crtm2560.o
 .data          0x0000000000800200        0x0 ./main.o
 .data          0x0000000000800200        0x0 /usr/lib/gcc/avr/4.5.3/avr6/libgcc.a(_exit.o)
 .data          0x0000000000800200        0x0 /usr/lib/gcc/avr/4.5.3/avr6/libgcc.a(_clear_bss.o)
 .data          0x0000000000800200        0x0 /usr/lib/gcc/avr/4.5.3/avr6/libgcc.a(_addsub_sf.o)
 .data          0x0000000000800200        0x0 /usr/lib/gcc/avr/4.5.3/avr6/libgcc.a(_mul_sf.o)
 .data          0x0000000000800200        0x0 /usr/lib/gcc/avr/4.5.3/avr6/libgcc.a(_gt_sf.o)
 .data          0x0000000000800200        0x0 /usr/lib/gcc/avr/4.5.3/avr6/libgcc.a(_lt_sf.o)
 .data          0x0000000000800200        0x8 /usr/lib/gcc/avr/4.5.3/avr6/libgcc.a(_thenan_sf.o)
                0x0000000000800200                __thenan_sf
 .data          0x0000000000800208        0x0 /usr/lib/gcc/avr/4.5.3/avr6/libgcc.a(_prologue.o)
 .data          0x0000000000800208        0x0 /usr/lib/gcc/avr/4.5.3/avr6/libgcc.a(_epilogue.o)
 .data          0x0000000000800208        0x0 /usr/lib/gcc/avr/4.5.3/avr6/libgcc.a(_copy_data.o)
 .data          0x0000000000800208        0x0 /usr/lib/gcc/avr/4.5.3/avr6/libgcc.a(_pack_sf.o)
 .data          0x0000000000800208        0x0 /usr/lib/gcc/avr/4.5.3/avr6/libgcc.a(_unpack_sf.o)
 .data          0x0000000000800208        0x0 /usr/lib/gcc/avr/4.5.3/avr6/libgcc.a(_fpcmp_parts_sf.o)
 .data          0x0000000000800208        0x0 /usr/lib/gcc/avr/4.5.3/../../../avr/lib/avr6/libc.a(sin.o)
 .data          0x0000000000800208        0x0 /usr/lib/gcc/avr/4.5.3/../../../avr/lib/avr6/libc.a(fp_rempio2.o)
 .data          0x0000000000800208        0x0 /usr/lib/gcc/avr/4.5.3/../../../avr/lib/avr6/libc.a(fp_sinus.o)
 .data          0x0000000000800208        0x0 /usr/lib/gcc/avr/4.5.3/../../../avr/lib/avr6/libc.a(fp_split3.o)
 .data          0x0000000000800208        0x0 /usr/lib/gcc/avr/4.5.3/../../../avr/lib/avr6/libc.a(addsf3x.o)
 .data          0x0000000000800208        0x0 /usr/lib/gcc/avr/4.5.3/../../../avr/lib/avr6/libc.a(fp_inf.o)
 .data          0x0000000000800208        0x0 /usr/lib/gcc/avr/4.5.3/../../../avr/lib/avr6/libc.a(fp_mpack.o)
 .data          0x0000000000800208        0x0 /usr/lib/gcc/avr/4.5.3/../../../avr/lib/avr6/libc.a(fp_nan.o)
 .data          0x0000000000800208        0x0 /usr/lib/gcc/avr/4.5.3/../../../avr/lib/avr6/libc.a(fp_powsodd.o)
 .data          0x0000000000800208        0x0 /usr/lib/gcc/avr/4.5.3/../../../avr/lib/avr6/libc.a(fp_pscA.o)
 .data          0x0000000000800208        0x0 /usr/lib/gcc/avr/4.5.3/../../../avr/lib/avr6/libc.a(fp_pscB.o)
 .data          0x0000000000800208        0x0 /usr/lib/gcc/avr/4.5.3/../../../avr/lib/avr6/libc.a(fp_round.o)
 .data          0x0000000000800208        0x0 /usr/lib/gcc/avr/4.5.3/../../../avr/lib/avr6/libc.a(fp_zero.o)
 .data          0x0000000000800208        0x0 /usr/lib/gcc/avr/4.5.3/../../../avr/lib/avr6/libc.a(fp_powser.o)
 .data          0x0000000000800208        0x0 /usr/lib/gcc/avr/4.5.3/../../../avr/lib/avr6/libc.a(mulsf3x.o)
 *(.data*)
 *(.rodata)
 *(.rodata*)
 *(.gnu.linkonce.d*)
                0x0000000000800208                . = ALIGN (0x2)
                0x0000000000800208                _edata = .
                0x0000000000800208                PROVIDE (__data_end, .)

.bss            0x0000000000800208        0x8
                0x0000000000800208                PROVIDE (__bss_start, .)
 *(.bss)
 .bss           0x0000000000800208        0x0 /usr/lib/gcc/avr/4.5.3/../../../avr/lib/avr6/crtm2560.o
 .bss           0x0000000000800208        0x8 ./main.o
 .bss           0x0000000000800210        0x0 /usr/lib/gcc/avr/4.5.3/avr6/libgcc.a(_exit.o)
 .bss           0x0000000000800210        0x0 /usr/lib/gcc/avr/4.5.3/avr6/libgcc.a(_clear_bss.o)
 .bss           0x0000000000800210        0x0 /usr/lib/gcc/avr/4.5.3/avr6/libgcc.a(_addsub_sf.o)
 .bss           0x0000000000800210        0x0 /usr/lib/gcc/avr/4.5.3/avr6/libgcc.a(_mul_sf.o)
 .bss           0x0000000000800210        0x0 /usr/lib/gcc/avr/4.5.3/avr6/libgcc.a(_gt_sf.o)
 .bss           0x0000000000800210        0x0 /usr/lib/gcc/avr/4.5.3/avr6/libgcc.a(_lt_sf.o)
 .bss           0x0000000000800210        0x0 /usr/lib/gcc/avr/4.5.3/avr6/libgcc.a(_thenan_sf.o)
 .bss           0x0000000000800210        0x0 /usr/lib/gcc/avr/4.5.3/avr6/libgcc.a(_prologue.o)
 .bss           0x0000000000800210        0x0 /usr/lib/gcc/avr/4.5.3/avr6/libgcc.a(_epilogue.o)
 .bss           0x0000000000800210        0x0 /usr/lib/gcc/avr/4.5.3/avr6/libgcc.a(_copy_data.o)
 .bss           0x0000000000800210        0x0 /usr/lib/gcc/avr/4.5.3/avr6/libgcc.a(_pack_sf.o)
 .bss           0x0000000000800210        0x0 /usr/lib/gcc/avr/4.5.3/avr6/libgcc.a(_unpack_sf.o)
 .bss           0x0000000000800210        0x0 /usr/lib/gcc/avr/4.5.3/avr6/libgcc.a(_fpcmp_parts_sf.o)
 .bss           0x0000000000800210        0x0 /usr/lib/gcc/avr/4.5.3/../../../avr/lib/avr6/libc.a(sin.o)
 .bss           0x0000000000800210        0x0 /usr/lib/gcc/avr/4.5.3/../../../avr/lib/avr6/libc.a(fp_rempio2.o)
 .bss           0x0000000000800210        0x0 /usr/lib/gcc/avr/4.5.3/../../../avr/lib/avr6/libc.a(fp_sinus.o)
 .bss           0x0000000000800210        0x0 /usr/lib/gcc/avr/4.5.3/../../../avr/lib/avr6/libc.a(fp_split3.o)
 .bss           0x0000000000800210        0x0 /usr/lib/gcc/avr/4.5.3/../../../avr/lib/avr6/libc.a(addsf3x.o)
 .bss           0x0000000000800210        0x0 /usr/lib/gcc/avr/4.5.3/../../../avr/lib/avr6/libc.a(fp_inf.o)
 .bss           0x0000000000800210        0x0 /usr/lib/gcc/avr/4.5.3/../../../avr/lib/avr6/libc.a(fp_mpack.o)
 .bss           0x0000000000800210        0x0 /usr/lib/gcc/avr/4.5.3/../../../avr/lib/avr6/libc.a(fp_nan.o)
 .bss           0x0000000000800210        0x0 /usr/lib/gcc/avr/4.5.3/../../../avr/lib/avr6/libc.a(fp_powsodd.o)
 .bss           0x0000000000800210        0x0 /usr/lib/gcc/avr/4.5.3/../../../avr/lib/avr6/libc.a(fp_pscA.o)
 .bss           0x0000000000800210        0x0 /usr/lib/gcc/avr/4.5.3/../../../avr/lib/avr6/libc.a(fp_pscB.o)
 .bss           0x0000000000800210        0x0 /usr/lib/gcc/avr/4.5.3/../../../avr/lib/avr6/libc.a(fp_round.o)
 .bss           0x0000000000800210        0x0 /usr/lib/gcc/avr/4.5.3/../../../avr/lib/avr6/libc.a(fp_zero.o)
 .bss           0x0000000000800210        0x0 /usr/lib/gcc/avr/4.5.3/../../../avr/lib/avr6/libc.a(fp_powser.o)
 .bss           0x0000000000800210        0x0 /usr/lib/gcc/avr/4.5.3/../../../avr/lib/avr6/libc.a(mulsf3x.o)
 *(.bss*)
 *(COMMON)
                0x0000000000800210                PROVIDE (__bss_end, .)
                0x0000000000000fb4                __data_load_start = LOADADDR (.data)
                0x0000000000000fbc                __data_load_end = (__data_load_start + SIZEOF (.data))

.noinit         0x0000000000800210        0x0
                0x0000000000800210                PROVIDE (__noinit_start, .)
 *(.noinit*)
                0x0000000000800210                PROVIDE (__noinit_end, .)
                0x0000000000800210                _end = .
                0x0000000000800210                PROVIDE (__heap_start, .)

.eeprom         0x0000000000810000        0x0
 *(.eeprom*)
                0x0000000000810000                __eeprom_end = .

.fuse
 *(.fuse)
 *(.lfuse)
 *(.hfuse)
 *(.efuse)

.lock
 *(.lock*)

.signature
 *(.signature*)

.stab           0x0000000000000000     0x1d04
 *(.stab)
 .stab          0x0000000000000000      0x6e4 /usr/lib/gcc/avr/4.5.3/../../../avr/lib/avr6/crtm2560.o
 .stab          0x00000000000006e4       0x78 /usr/lib/gcc/avr/4.5.3/../../../avr/lib/avr6/libc.a(sin.o)
                                         0x84 (size before relaxing)
 .stab          0x000000000000075c      0x21c /usr/lib/gcc/avr/4.5.3/../../../avr/lib/avr6/libc.a(fp_rempio2.o)
                                        0x228 (size before relaxing)
 .stab          0x0000000000000978       0xfc /usr/lib/gcc/avr/4.5.3/../../../avr/lib/avr6/libc.a(fp_sinus.o)
                                        0x108 (size before relaxing)
 .stab          0x0000000000000a74      0x1d4 /usr/lib/gcc/avr/4.5.3/../../../avr/lib/avr6/libc.a(fp_split3.o)
                                        0x1e0 (size before relaxing)
 .stab          0x0000000000000c48      0x4bc /usr/lib/gcc/avr/4.5.3/../../../avr/lib/avr6/libc.a(addsf3x.o)
                                        0x4c8 (size before relaxing)
 .stab          0x0000000000001104       0x78 /usr/lib/gcc/avr/4.5.3/../../../avr/lib/avr6/libc.a(fp_inf.o)
                                         0x84 (size before relaxing)
 .stab          0x000000000000117c       0xe4 /usr/lib/gcc/avr/4.5.3/../../../avr/lib/avr6/libc.a(fp_mpack.o)
                                         0xf0 (size before relaxing)
 .stab          0x0000000000001260       0x54 /usr/lib/gcc/avr/4.5.3/../../../avr/lib/avr6/libc.a(fp_nan.o)
                                         0x60 (size before relaxing)
 .stab          0x00000000000012b4       0xfc /usr/lib/gcc/avr/4.5.3/../../../avr/lib/avr6/libc.a(fp_powsodd.o)
                                        0x108 (size before relaxing)
 .stab          0x00000000000013b0       0x84 /usr/lib/gcc/avr/4.5.3/../../../avr/lib/avr6/libc.a(fp_pscA.o)
                                         0x90 (size before relaxing)
 .stab          0x0000000000001434       0x84 /usr/lib/gcc/avr/4.5.3/../../../avr/lib/avr6/libc.a(fp_pscB.o)
                                         0x90 (size before relaxing)
 .stab          0x00000000000014b8       0xfc /usr/lib/gcc/avr/4.5.3/../../../avr/lib/avr6/libc.a(fp_round.o)
                                        0x108 (size before relaxing)
 .stab          0x00000000000015b4       0x90 /usr/lib/gcc/avr/4.5.3/../../../avr/lib/avr6/libc.a(fp_zero.o)
                                         0x9c (size before relaxing)
 .stab          0x0000000000001644      0x1ec /usr/lib/gcc/avr/4.5.3/../../../avr/lib/avr6/libc.a(fp_powser.o)
                                        0x1f8 (size before relaxing)
 .stab          0x0000000000001830      0x4d4 /usr/lib/gcc/avr/4.5.3/../../../avr/lib/avr6/libc.a(mulsf3x.o)
                                        0x4e0 (size before relaxing)

.stabstr        0x0000000000000000      0x30d
 *(.stabstr)
 .stabstr       0x0000000000000000      0x30d /usr/lib/gcc/avr/4.5.3/../../../avr/lib/avr6/crtm2560.o

.stab.excl
 *(.stab.excl)

.stab.exclstr
 *(.stab.exclstr)

.stab.index
 *(.stab.index)

.stab.indexstr
 *(.stab.indexstr)

.comment
 *(.comment)

.debug
 *(.debug)

.line
 *(.line)

.debug_srcinfo
 *(.debug_srcinfo)

.debug_sfnames
 *(.debug_sfnames)

.debug_aranges
 *(.debug_aranges)

.debug_pubnames
 *(.debug_pubnames)

.debug_info
 *(.debug_info)
 *(.gnu.linkonce.wi.*)

.debug_abbrev
 *(.debug_abbrev)

.debug_line
 *(.debug_line)

.debug_frame
 *(.debug_frame)

.debug_str
 *(.debug_str)

.debug_loc
 *(.debug_loc)

.debug_macinfo
 *(.debug_macinfo)
OUTPUT(sinus_2.elf elf32-avr)
LOAD linker stubs
