Archive member included because of file (symbol)

/usr/lib/gcc/avr/4.5.3/../../../avr/lib/avr6/libm.a(addsf3.o)
                              ./main.o (__addsf3)
/usr/lib/gcc/avr/4.5.3/../../../avr/lib/avr6/libm.a(addsf3x.o)
                              /usr/lib/gcc/avr/4.5.3/../../../avr/lib/avr6/libm.a(addsf3.o) (__addsf3x)
/usr/lib/gcc/avr/4.5.3/../../../avr/lib/avr6/libm.a(cmpsf2.o)
                              ./main.o (__ltsf2)
/usr/lib/gcc/avr/4.5.3/../../../avr/lib/avr6/libm.a(fp_cmp.o)
                              /usr/lib/gcc/avr/4.5.3/../../../avr/lib/avr6/libm.a(cmpsf2.o) (__fp_cmp)
/usr/lib/gcc/avr/4.5.3/../../../avr/lib/avr6/libm.a(fp_inf.o)
                              /usr/lib/gcc/avr/4.5.3/../../../avr/lib/avr6/libm.a(addsf3x.o) (__fp_inf)
/usr/lib/gcc/avr/4.5.3/../../../avr/lib/avr6/libm.a(fp_nan.o)
                              /usr/lib/gcc/avr/4.5.3/../../../avr/lib/avr6/libm.a(addsf3x.o) (__fp_nan)
/usr/lib/gcc/avr/4.5.3/../../../avr/lib/avr6/libm.a(fp_pscA.o)
                              /usr/lib/gcc/avr/4.5.3/../../../avr/lib/avr6/libm.a(addsf3x.o) (__fp_pscA)
/usr/lib/gcc/avr/4.5.3/../../../avr/lib/avr6/libm.a(fp_pscB.o)
                              /usr/lib/gcc/avr/4.5.3/../../../avr/lib/avr6/libm.a(addsf3x.o) (__fp_pscB)
/usr/lib/gcc/avr/4.5.3/../../../avr/lib/avr6/libm.a(fp_round.o)
                              /usr/lib/gcc/avr/4.5.3/../../../avr/lib/avr6/libm.a(addsf3.o) (__fp_round)
/usr/lib/gcc/avr/4.5.3/../../../avr/lib/avr6/libm.a(fp_split3.o)
                              /usr/lib/gcc/avr/4.5.3/../../../avr/lib/avr6/libm.a(addsf3x.o) (__fp_split3)
/usr/lib/gcc/avr/4.5.3/../../../avr/lib/avr6/libm.a(fp_zero.o)
                              /usr/lib/gcc/avr/4.5.3/../../../avr/lib/avr6/libm.a(addsf3x.o) (__fp_zero)
/usr/lib/gcc/avr/4.5.3/../../../avr/lib/avr6/libm.a(gesf2.o)
                              ./main.o (__gtsf2)
/usr/lib/gcc/avr/4.5.3/../../../avr/lib/avr6/libm.a(mulsf3.o)
                              ./main.o (__mulsf3)
/usr/lib/gcc/avr/4.5.3/../../../avr/lib/avr6/libm.a(mulsf3x.o)
                              /usr/lib/gcc/avr/4.5.3/../../../avr/lib/avr6/libm.a(mulsf3.o) (__mulsf3x)
/usr/lib/gcc/avr/4.5.3/../../../avr/lib/avr6/libm.a(sin.o)
                              ./main.o (sin)
/usr/lib/gcc/avr/4.5.3/../../../avr/lib/avr6/libm.a(fp_rempio2.o)
                              /usr/lib/gcc/avr/4.5.3/../../../avr/lib/avr6/libm.a(sin.o) (__fp_rempio2)
/usr/lib/gcc/avr/4.5.3/../../../avr/lib/avr6/libm.a(fp_sinus.o)
                              /usr/lib/gcc/avr/4.5.3/../../../avr/lib/avr6/libm.a(sin.o) (__fp_sinus)
/usr/lib/gcc/avr/4.5.3/../../../avr/lib/avr6/libm.a(fp_mpack.o)
                              /usr/lib/gcc/avr/4.5.3/../../../avr/lib/avr6/libm.a(fp_rempio2.o) (__fp_mpack_finite)
/usr/lib/gcc/avr/4.5.3/../../../avr/lib/avr6/libm.a(fp_powsodd.o)
                              /usr/lib/gcc/avr/4.5.3/../../../avr/lib/avr6/libm.a(fp_sinus.o) (__fp_powsodd)
/usr/lib/gcc/avr/4.5.3/../../../avr/lib/avr6/libm.a(fp_powser.o)
                              /usr/lib/gcc/avr/4.5.3/../../../avr/lib/avr6/libm.a(fp_powsodd.o) (__fp_powser)
/usr/lib/gcc/avr/4.5.3/../../../avr/lib/avr6/libprintf_flt.a(vfprintf_flt.o)
                              (vfprintf)
/usr/lib/gcc/avr/4.5.3/avr6/libgcc.a(_exit.o)
                              /usr/lib/gcc/avr/4.5.3/../../../avr/lib/avr6/crtm2560.o (exit)
/usr/lib/gcc/avr/4.5.3/avr6/libgcc.a(_copy_data.o)
                              ./main.o (__do_copy_data)
/usr/lib/gcc/avr/4.5.3/avr6/libgcc.a(_clear_bss.o)
                              ./main.o (__do_clear_bss)
/usr/lib/gcc/avr/4.5.3/../../../avr/lib/avr6/libc.a(ftoa_engine.o)
                              /usr/lib/gcc/avr/4.5.3/../../../avr/lib/avr6/libprintf_flt.a(vfprintf_flt.o) (__ftoa_engine)
/usr/lib/gcc/avr/4.5.3/../../../avr/lib/avr6/libc.a(strnlen_P.o)
                              /usr/lib/gcc/avr/4.5.3/../../../avr/lib/avr6/libprintf_flt.a(vfprintf_flt.o) (strnlen_P)
/usr/lib/gcc/avr/4.5.3/../../../avr/lib/avr6/libc.a(strnlen.o)
                              /usr/lib/gcc/avr/4.5.3/../../../avr/lib/avr6/libprintf_flt.a(vfprintf_flt.o) (strnlen)
/usr/lib/gcc/avr/4.5.3/../../../avr/lib/avr6/libc.a(fputc.o)
                              /usr/lib/gcc/avr/4.5.3/../../../avr/lib/avr6/libprintf_flt.a(vfprintf_flt.o) (fputc)
/usr/lib/gcc/avr/4.5.3/../../../avr/lib/avr6/libc.a(sprintf.o)
                              ./main.o (sprintf)
/usr/lib/gcc/avr/4.5.3/../../../avr/lib/avr6/libc.a(ultoa_invert.o)
                              /usr/lib/gcc/avr/4.5.3/../../../avr/lib/avr6/libprintf_flt.a(vfprintf_flt.o) (__ultoa_invert)

Memory Configuration

Name             Origin             Length             Attributes
text             0x0000000000000000 0x0000000000100000 xr
data             0x0000000000800200 0x000000000000fe00 rw !x
eeprom           0x0000000000810000 0x0000000000010000 rw !x
fuse             0x0000000000820000 0x0000000000000400 rw !x
lock             0x0000000000830000 0x0000000000000400 rw !x
signature        0x0000000000840000 0x0000000000000400 rw !x
*default*        0x0000000000000000 0xffffffffffffffff

Linker script and memory map

Address of section .data set to 0x800200
LOAD /usr/lib/gcc/avr/4.5.3/../../../avr/lib/avr6/crtm2560.o
LOAD ./HD44780/HD44780.o
LOAD ./main.o
LOAD /usr/lib/gcc/avr/4.5.3/../../../avr/lib/avr6/libm.a
LOAD /usr/lib/gcc/avr/4.5.3/../../../avr/lib/avr6/libprintf_flt.a
LOAD /usr/lib/gcc/avr/4.5.3/avr6/libgcc.a
LOAD /usr/lib/gcc/avr/4.5.3/../../../avr/lib/avr6/libc.a
LOAD /usr/lib/gcc/avr/4.5.3/avr6/libgcc.a

.hash
 *(.hash)

.dynsym
 *(.dynsym)

.dynstr
 *(.dynstr)

.gnu.version
 *(.gnu.version)

.gnu.version_d
 *(.gnu.version_d)

.gnu.version_r
 *(.gnu.version_r)

.rel.init
 *(.rel.init)

.rela.init
 *(.rela.init)

.rel.text
 *(.rel.text)
 *(.rel.text.*)
 *(.rel.gnu.linkonce.t*)

.rela.text
 *(.rela.text)
 *(.rela.text.*)
 *(.rela.gnu.linkonce.t*)

.rel.fini
 *(.rel.fini)

.rela.fini
 *(.rela.fini)

.rel.rodata
 *(.rel.rodata)
 *(.rel.rodata.*)
 *(.rel.gnu.linkonce.r*)

.rela.rodata
 *(.rela.rodata)
 *(.rela.rodata.*)
 *(.rela.gnu.linkonce.r*)

.rel.data
 *(.rel.data)
 *(.rel.data.*)
 *(.rel.gnu.linkonce.d*)

.rela.data
 *(.rela.data)
 *(.rela.data.*)
 *(.rela.gnu.linkonce.d*)

.rel.ctors
 *(.rel.ctors)

.rela.ctors
 *(.rela.ctors)

.rel.dtors
 *(.rel.dtors)

.rela.dtors
 *(.rela.dtors)

.rel.got
 *(.rel.got)

.rela.got
 *(.rela.got)

.rel.bss
 *(.rel.bss)

.rela.bss
 *(.rela.bss)

.rel.plt
 *(.rel.plt)

.rela.plt
 *(.rela.plt)

.text           0x0000000000000000     0x151a
 *(.vectors)
 .vectors       0x0000000000000000       0xe4 /usr/lib/gcc/avr/4.5.3/../../../avr/lib/avr6/crtm2560.o
                0x0000000000000000                __vectors
                0x0000000000000000                __vector_default
 *(.vectors)
 *(.progmem.gcc*)
 .progmem.gcc_fplib
                0x00000000000000e4       0x1e /usr/lib/gcc/avr/4.5.3/../../../avr/lib/avr6/libm.a(fp_sinus.o)
 *(.progmem*)
 .progmem.data  0x0000000000000102        0x8 /usr/lib/gcc/avr/4.5.3/../../../avr/lib/avr6/libprintf_flt.a(vfprintf_flt.o)
 .progmem.data  0x000000000000010a       0xfa /usr/lib/gcc/avr/4.5.3/../../../avr/lib/avr6/libc.a(ftoa_engine.o)
                0x0000000000000204                . = ALIGN (0x2)
                0x0000000000000204                __trampolines_start = .
 *(.trampolines)
 .trampolines   0x0000000000000204        0x0 linker stubs
 *(.trampolines*)
                0x0000000000000204                __trampolines_end = .
 *(.jumptables)
 *(.jumptables*)
 *(.lowtext)
 *(.lowtext*)
                0x0000000000000204                __ctors_start = .
 *(.ctors)
                0x0000000000000204                __ctors_end = .
                0x0000000000000204                __dtors_start = .
 *(.dtors)
                0x0000000000000204                __dtors_end = .
 SORT(*)(.ctors)
 SORT(*)(.dtors)
 *(.init0)
 .init0         0x0000000000000204        0x0 /usr/lib/gcc/avr/4.5.3/../../../avr/lib/avr6/crtm2560.o
                0x0000000000000204                __init
 *(.init0)
 *(.init1)
 *(.init1)
 *(.init2)
 .init2         0x0000000000000204       0x10 /usr/lib/gcc/avr/4.5.3/../../../avr/lib/avr6/crtm2560.o
 *(.init2)
 *(.init3)
 *(.init3)
 *(.init4)
 .init4         0x0000000000000214       0x1a /usr/lib/gcc/avr/4.5.3/avr6/libgcc.a(_copy_data.o)
                0x0000000000000214                __do_copy_data
 .init4         0x000000000000022e       0x10 /usr/lib/gcc/avr/4.5.3/avr6/libgcc.a(_clear_bss.o)
                0x000000000000022e                __do_clear_bss
 *(.init4)
 *(.init5)
 *(.init5)
 *(.init6)
 *(.init6)
 *(.init7)
 *(.init7)
 *(.init8)
 *(.init8)
 *(.init9)
 .init9         0x000000000000023e        0x8 /usr/lib/gcc/avr/4.5.3/../../../avr/lib/avr6/crtm2560.o
 *(.init9)
 *(.text)
 .text          0x0000000000000246        0x4 /usr/lib/gcc/avr/4.5.3/../../../avr/lib/avr6/crtm2560.o
                0x0000000000000246                __vector_38
                0x0000000000000246                __vector_22
                0x0000000000000246                __vector_28
                0x0000000000000246                __vector_1
                0x0000000000000246                __vector_32
                0x0000000000000246                __vector_34
                0x0000000000000246                __vector_24
                0x0000000000000246                __vector_12
                0x0000000000000246                __vector_55
                0x0000000000000246                __vector_46
                0x0000000000000246                __bad_interrupt
                0x0000000000000246                __vector_6
                0x0000000000000246                __vector_31
                0x0000000000000246                __vector_35
                0x0000000000000246                __vector_39
                0x0000000000000246                __vector_3
                0x0000000000000246                __vector_23
                0x0000000000000246                __vector_30
                0x0000000000000246                __vector_45
                0x0000000000000246                __vector_25
                0x0000000000000246                __vector_11
                0x0000000000000246                __vector_54
                0x0000000000000246                __vector_13
                0x0000000000000246                __vector_17
                0x0000000000000246                __vector_19
                0x0000000000000246                __vector_56
                0x0000000000000246                __vector_7
                0x0000000000000246                __vector_49
                0x0000000000000246                __vector_41
                0x0000000000000246                __vector_43
                0x0000000000000246                __vector_27
                0x0000000000000246                __vector_5
                0x0000000000000246                __vector_33
                0x0000000000000246                __vector_47
                0x0000000000000246                __vector_52
                0x0000000000000246                __vector_37
                0x0000000000000246                __vector_4
                0x0000000000000246                __vector_44
                0x0000000000000246                __vector_51
                0x0000000000000246                __vector_9
                0x0000000000000246                __vector_2
                0x0000000000000246                __vector_21
                0x0000000000000246                __vector_15
                0x0000000000000246                __vector_36
                0x0000000000000246                __vector_29
                0x0000000000000246                __vector_40
                0x0000000000000246                __vector_8
                0x0000000000000246                __vector_26
                0x0000000000000246                __vector_48
                0x0000000000000246                __vector_14
                0x0000000000000246                __vector_53
                0x0000000000000246                __vector_10
                0x0000000000000246                __vector_50
                0x0000000000000246                __vector_16
                0x0000000000000246                __vector_18
                0x0000000000000246                __vector_20
                0x0000000000000246                __vector_42
 .text          0x000000000000024a      0x1e2 ./HD44780/HD44780.o
                0x000000000000024a                _LCD_OutNibble
                0x0000000000000274                _LCD_InNibble
                0x0000000000000288                _LCD_Read
                0x00000000000002b0                LCD_ReadStatus
                0x00000000000002b8                _LCD_Write
                0x00000000000002e8                LCD_WriteCommand
                0x00000000000002f0                LCD_WriteData
                0x00000000000002f8                LCD_ReadData
                0x0000000000000300                LCD_WriteText
                0x0000000000000328                LCD_GoTo
                0x000000000000033c                LCD_Clear
                0x0000000000000350                LCD_Home
                0x0000000000000364                LCD_Initalize
                0x00000000000003da                LCD_ProgrammChar
 .text          0x000000000000042c      0x2ac ./main.o
                0x000000000000042c                main
 .text          0x00000000000006d8        0x0 /usr/lib/gcc/avr/4.5.3/../../../avr/lib/avr6/libm.a(addsf3.o)
 .text          0x00000000000006d8        0x0 /usr/lib/gcc/avr/4.5.3/../../../avr/lib/avr6/libm.a(addsf3x.o)
 .text          0x00000000000006d8        0x0 /usr/lib/gcc/avr/4.5.3/../../../avr/lib/avr6/libm.a(cmpsf2.o)
 .text          0x00000000000006d8        0x0 /usr/lib/gcc/avr/4.5.3/../../../avr/lib/avr6/libm.a(fp_cmp.o)
 .text          0x00000000000006d8        0x0 /usr/lib/gcc/avr/4.5.3/../../../avr/lib/avr6/libm.a(fp_inf.o)
 .text          0x00000000000006d8        0x0 /usr/lib/gcc/avr/4.5.3/../../../avr/lib/avr6/libm.a(fp_nan.o)
 .text          0x00000000000006d8        0x0 /usr/lib/gcc/avr/4.5.3/../../../avr/lib/avr6/libm.a(fp_pscA.o)
 .text          0x00000000000006d8        0x0 /usr/lib/gcc/avr/4.5.3/../../../avr/lib/avr6/libm.a(fp_pscB.o)
 .text          0x00000000000006d8        0x0 /usr/lib/gcc/avr/4.5.3/../../../avr/lib/avr6/libm.a(fp_round.o)
 .text          0x00000000000006d8        0x0 /usr/lib/gcc/avr/4.5.3/../../../avr/lib/avr6/libm.a(fp_split3.o)
 .text          0x00000000000006d8        0x0 /usr/lib/gcc/avr/4.5.3/../../../avr/lib/avr6/libm.a(fp_zero.o)
 .text          0x00000000000006d8        0x0 /usr/lib/gcc/avr/4.5.3/../../../avr/lib/avr6/libm.a(gesf2.o)
 .text          0x00000000000006d8        0x0 /usr/lib/gcc/avr/4.5.3/../../../avr/lib/avr6/libm.a(mulsf3.o)
 .text          0x00000000000006d8        0x0 /usr/lib/gcc/avr/4.5.3/../../../avr/lib/avr6/libm.a(mulsf3x.o)
 .text          0x00000000000006d8        0x0 /usr/lib/gcc/avr/4.5.3/../../../avr/lib/avr6/libm.a(sin.o)
 .text          0x00000000000006d8        0x0 /usr/lib/gcc/avr/4.5.3/../../../avr/lib/avr6/libm.a(fp_rempio2.o)
 .text          0x00000000000006d8        0x0 /usr/lib/gcc/avr/4.5.3/../../../avr/lib/avr6/libm.a(fp_sinus.o)
 .text          0x00000000000006d8        0x0 /usr/lib/gcc/avr/4.5.3/../../../avr/lib/avr6/libm.a(fp_mpack.o)
 .text          0x00000000000006d8        0x0 /usr/lib/gcc/avr/4.5.3/../../../avr/lib/avr6/libm.a(fp_powsodd.o)
 .text          0x00000000000006d8        0x0 /usr/lib/gcc/avr/4.5.3/../../../avr/lib/avr6/libm.a(fp_powser.o)
 .text          0x00000000000006d8        0x0 /usr/lib/gcc/avr/4.5.3/../../../avr/lib/avr6/libprintf_flt.a(vfprintf_flt.o)
 .text          0x00000000000006d8        0x0 /usr/lib/gcc/avr/4.5.3/avr6/libgcc.a(_exit.o)
 .text          0x00000000000006d8        0x0 /usr/lib/gcc/avr/4.5.3/avr6/libgcc.a(_copy_data.o)
 .text          0x00000000000006d8        0x0 /usr/lib/gcc/avr/4.5.3/avr6/libgcc.a(_clear_bss.o)
 .text          0x00000000000006d8        0x0 /usr/lib/gcc/avr/4.5.3/../../../avr/lib/avr6/libc.a(ftoa_engine.o)
 .text          0x00000000000006d8        0x0 /usr/lib/gcc/avr/4.5.3/../../../avr/lib/avr6/libc.a(strnlen_P.o)
 .text          0x00000000000006d8        0x0 /usr/lib/gcc/avr/4.5.3/../../../avr/lib/avr6/libc.a(strnlen.o)
 .text          0x00000000000006d8        0x0 /usr/lib/gcc/avr/4.5.3/../../../avr/lib/avr6/libc.a(fputc.o)
 .text          0x00000000000006d8        0x0 /usr/lib/gcc/avr/4.5.3/../../../avr/lib/avr6/libc.a(sprintf.o)
 .text          0x00000000000006d8        0x0 /usr/lib/gcc/avr/4.5.3/../../../avr/lib/avr6/libc.a(ultoa_invert.o)
                0x00000000000006d8                . = ALIGN (0x2)
 *(.text.*)
 .text.avr-libc.fplib
                0x00000000000006d8        0xa /usr/lib/gcc/avr/4.5.3/../../../avr/lib/avr6/libm.a(addsf3.o)
                0x00000000000006d8                __subsf3
                0x00000000000006da                __addsf3
 .text.avr-libc.fplib
                0x00000000000006e2       0xc0 /usr/lib/gcc/avr/4.5.3/../../../avr/lib/avr6/libm.a(addsf3x.o)
                0x00000000000006fc                __addsf3x
 .text.avr-libc.fplib
                0x00000000000007a2        0x8 /usr/lib/gcc/avr/4.5.3/../../../avr/lib/avr6/libm.a(cmpsf2.o)
                0x00000000000007a2                __lesf2
                0x00000000000007a2                __nesf2
                0x00000000000007a2                __eqsf2
                0x00000000000007a2                __cmpsf2
                0x00000000000007a2                __ltsf2
 .text.avr-libc.fplib
                0x00000000000007aa       0x48 /usr/lib/gcc/avr/4.5.3/../../../avr/lib/avr6/libm.a(fp_cmp.o)
                0x00000000000007aa                __fp_cmp
 .text.avr-libc.fplib
                0x00000000000007f2        0xc /usr/lib/gcc/avr/4.5.3/../../../avr/lib/avr6/libm.a(fp_inf.o)
                0x00000000000007f2                __fp_inf
 .text.avr-libc.fplib
                0x00000000000007fe        0x6 /usr/lib/gcc/avr/4.5.3/../../../avr/lib/avr6/libm.a(fp_nan.o)
                0x00000000000007fe                __fp_nan
 .text.avr-libc.fplib
                0x0000000000000804        0xe /usr/lib/gcc/avr/4.5.3/../../../avr/lib/avr6/libm.a(fp_pscA.o)
                0x0000000000000804                __fp_pscA
 .text.avr-libc.fplib
                0x0000000000000812        0xe /usr/lib/gcc/avr/4.5.3/../../../avr/lib/avr6/libm.a(fp_pscB.o)
                0x0000000000000812                __fp_pscB
 .text.avr-libc.fplib
                0x0000000000000820       0x22 /usr/lib/gcc/avr/4.5.3/../../../avr/lib/avr6/libm.a(fp_round.o)
                0x0000000000000820                __fp_round
 .text.avr-libc.fplib
                0x0000000000000842       0x44 /usr/lib/gcc/avr/4.5.3/../../../avr/lib/avr6/libm.a(fp_split3.o)
                0x0000000000000842                __fp_split3
                0x0000000000000852                __fp_splitA
 .text.avr-libc.fplib
                0x0000000000000886        0xe /usr/lib/gcc/avr/4.5.3/../../../avr/lib/avr6/libm.a(fp_zero.o)
                0x0000000000000886                __fp_zero
                0x0000000000000888                __fp_szero
 .text.avr-libc.fplib
                0x0000000000000894        0x8 /usr/lib/gcc/avr/4.5.3/../../../avr/lib/avr6/libm.a(gesf2.o)
                0x0000000000000894                __gtsf2
                0x0000000000000894                __gesf2
 .text.avr-libc.fplib
                0x000000000000089c        0x4 /usr/lib/gcc/avr/4.5.3/../../../avr/lib/avr6/libm.a(mulsf3.o)
                0x000000000000089c                __mulsf3
 .text.avr-libc.fplib
                0x00000000000008a0       0xc2 /usr/lib/gcc/avr/4.5.3/../../../avr/lib/avr6/libm.a(mulsf3x.o)
                0x00000000000008b4                __mulsf3x
                0x00000000000008b8                __mulsf3_pse
 .text.avr-libc.fplib
                0x0000000000000962        0xc /usr/lib/gcc/avr/4.5.3/../../../avr/lib/avr6/libm.a(sin.o)
                0x0000000000000962                sin
 .text.avr-libc.fplib
                0x000000000000096e       0x50 /usr/lib/gcc/avr/4.5.3/../../../avr/lib/avr6/libm.a(fp_rempio2.o)
                0x0000000000000970                __fp_rempio2
 .text.avr-libc.fplib
                0x00000000000009be       0x22 /usr/lib/gcc/avr/4.5.3/../../../avr/lib/avr6/libm.a(fp_sinus.o)
                0x00000000000009be                __fp_sinus
 .text.avr-libc.fplib
                0x00000000000009e0       0x1c /usr/lib/gcc/avr/4.5.3/../../../avr/lib/avr6/libm.a(fp_mpack.o)
                0x00000000000009e0                __fp_mpack
                0x00000000000009e4                __fp_mpack_finite
 .text.avr-libc.fplib
                0x00000000000009fc       0x22 /usr/lib/gcc/avr/4.5.3/../../../avr/lib/avr6/libm.a(fp_powsodd.o)
                0x00000000000009fc                __fp_powsodd
 .text.avr-libc.fplib
                0x0000000000000a1e       0x4a /usr/lib/gcc/avr/4.5.3/../../../avr/lib/avr6/libm.a(fp_powser.o)
                0x0000000000000a1e                __fp_powser
 .text.avr-libc
                0x0000000000000a68      0x75e /usr/lib/gcc/avr/4.5.3/../../../avr/lib/avr6/libprintf_flt.a(vfprintf_flt.o)
                0x0000000000000a68                vfprintf
 .text.libgcc   0x00000000000011c6        0x0 /usr/lib/gcc/avr/4.5.3/avr6/libgcc.a(_exit.o)
 .text.libgcc   0x00000000000011c6        0x0 /usr/lib/gcc/avr/4.5.3/avr6/libgcc.a(_copy_data.o)
 .text.libgcc   0x00000000000011c6        0x0 /usr/lib/gcc/avr/4.5.3/avr6/libgcc.a(_clear_bss.o)
 .text.avr-libc
                0x00000000000011c6      0x1b0 /usr/lib/gcc/avr/4.5.3/../../../avr/lib/avr6/libc.a(ftoa_engine.o)
                0x00000000000011c6                __ftoa_engine
 .text.avr-libc
                0x0000000000001376       0x16 /usr/lib/gcc/avr/4.5.3/../../../avr/lib/avr6/libc.a(strnlen_P.o)
                0x0000000000001376                strnlen_P
 .text.avr-libc
                0x000000000000138c       0x16 /usr/lib/gcc/avr/4.5.3/../../../avr/lib/avr6/libc.a(strnlen.o)
                0x000000000000138c                strnlen
 .text.avr-libc
                0x00000000000013a2       0x58 /usr/lib/gcc/avr/4.5.3/../../../avr/lib/avr6/libc.a(fputc.o)
                0x00000000000013a2                fputc
 .text.avr-libc
                0x00000000000013fa       0x60 /usr/lib/gcc/avr/4.5.3/../../../avr/lib/avr6/libc.a(sprintf.o)
                0x00000000000013fa                sprintf
 .text.avr-libc
                0x000000000000145a       0xbc /usr/lib/gcc/avr/4.5.3/../../../avr/lib/avr6/libc.a(ultoa_invert.o)
                0x000000000000145a                __ultoa_invert
                0x0000000000001516                . = ALIGN (0x2)
 *(.fini9)
 .fini9         0x0000000000001516        0x0 /usr/lib/gcc/avr/4.5.3/avr6/libgcc.a(_exit.o)
                0x0000000000001516                exit
                0x0000000000001516                _exit
 *(.fini9)
 *(.fini8)
 *(.fini8)
 *(.fini7)
 *(.fini7)
 *(.fini6)
 *(.fini6)
 *(.fini5)
 *(.fini5)
 *(.fini4)
 *(.fini4)
 *(.fini3)
 *(.fini3)
 *(.fini2)
 *(.fini2)
 *(.fini1)
 *(.fini1)
 *(.fini0)
 .fini0         0x0000000000001516        0x4 /usr/lib/gcc/avr/4.5.3/avr6/libgcc.a(_exit.o)
 *(.fini0)
                0x000000000000151a                _etext = .

.data           0x0000000000800200       0x16 load address 0x000000000000151a
                0x0000000000800200                PROVIDE (__data_start, .)
 *(.data)
 .data          0x0000000000800200        0x0 /usr/lib/gcc/avr/4.5.3/../../../avr/lib/avr6/crtm2560.o
 .data          0x0000000000800200        0x0 ./HD44780/HD44780.o
 .data          0x0000000000800200       0x15 ./main.o
 .data          0x0000000000800215        0x0 /usr/lib/gcc/avr/4.5.3/../../../avr/lib/avr6/libm.a(addsf3.o)
 .data          0x0000000000800215        0x0 /usr/lib/gcc/avr/4.5.3/../../../avr/lib/avr6/libm.a(addsf3x.o)
 .data          0x0000000000800215        0x0 /usr/lib/gcc/avr/4.5.3/../../../avr/lib/avr6/libm.a(cmpsf2.o)
 .data          0x0000000000800215        0x0 /usr/lib/gcc/avr/4.5.3/../../../avr/lib/avr6/libm.a(fp_cmp.o)
 .data          0x0000000000800215        0x0 /usr/lib/gcc/avr/4.5.3/../../../avr/lib/avr6/libm.a(fp_inf.o)
 .data          0x0000000000800215        0x0 /usr/lib/gcc/avr/4.5.3/../../../avr/lib/avr6/libm.a(fp_nan.o)
 .data          0x0000000000800215        0x0 /usr/lib/gcc/avr/4.5.3/../../../avr/lib/avr6/libm.a(fp_pscA.o)
 .data          0x0000000000800215        0x0 /usr/lib/gcc/avr/4.5.3/../../../avr/lib/avr6/libm.a(fp_pscB.o)
 .data          0x0000000000800215        0x0 /usr/lib/gcc/avr/4.5.3/../../../avr/lib/avr6/libm.a(fp_round.o)
 .data          0x0000000000800215        0x0 /usr/lib/gcc/avr/4.5.3/../../../avr/lib/avr6/libm.a(fp_split3.o)
 .data          0x0000000000800215        0x0 /usr/lib/gcc/avr/4.5.3/../../../avr/lib/avr6/libm.a(fp_zero.o)
 .data          0x0000000000800215        0x0 /usr/lib/gcc/avr/4.5.3/../../../avr/lib/avr6/libm.a(gesf2.o)
 .data          0x0000000000800215        0x0 /usr/lib/gcc/avr/4.5.3/../../../avr/lib/avr6/libm.a(mulsf3.o)
 .data          0x0000000000800215        0x0 /usr/lib/gcc/avr/4.5.3/../../../avr/lib/avr6/libm.a(mulsf3x.o)
 .data          0x0000000000800215        0x0 /usr/lib/gcc/avr/4.5.3/../../../avr/lib/avr6/libm.a(sin.o)
 .data          0x0000000000800215        0x0 /usr/lib/gcc/avr/4.5.3/../../../avr/lib/avr6/libm.a(fp_rempio2.o)
 .data          0x0000000000800215        0x0 /usr/lib/gcc/avr/4.5.3/../../../avr/lib/avr6/libm.a(fp_sinus.o)
 .data          0x0000000000800215        0x0 /usr/lib/gcc/avr/4.5.3/../../../avr/lib/avr6/libm.a(fp_mpack.o)
 .data          0x0000000000800215        0x0 /usr/lib/gcc/avr/4.5.3/../../../avr/lib/avr6/libm.a(fp_powsodd.o)
 .data          0x0000000000800215        0x0 /usr/lib/gcc/avr/4.5.3/../../../avr/lib/avr6/libm.a(fp_powser.o)
 .data          0x0000000000800215        0x0 /usr/lib/gcc/avr/4.5.3/../../../avr/lib/avr6/libprintf_flt.a(vfprintf_flt.o)
 .data          0x0000000000800215        0x0 /usr/lib/gcc/avr/4.5.3/avr6/libgcc.a(_exit.o)
 .data          0x0000000000800215        0x0 /usr/lib/gcc/avr/4.5.3/avr6/libgcc.a(_copy_data.o)
 .data          0x0000000000800215        0x0 /usr/lib/gcc/avr/4.5.3/avr6/libgcc.a(_clear_bss.o)
 .data          0x0000000000800215        0x0 /usr/lib/gcc/avr/4.5.3/../../../avr/lib/avr6/libc.a(ftoa_engine.o)
 .data          0x0000000000800215        0x0 /usr/lib/gcc/avr/4.5.3/../../../avr/lib/avr6/libc.a(strnlen_P.o)
 .data          0x0000000000800215        0x0 /usr/lib/gcc/avr/4.5.3/../../../avr/lib/avr6/libc.a(strnlen.o)
 .data          0x0000000000800215        0x0 /usr/lib/gcc/avr/4.5.3/../../../avr/lib/avr6/libc.a(fputc.o)
 .data          0x0000000000800215        0x0 /usr/lib/gcc/avr/4.5.3/../../../avr/lib/avr6/libc.a(sprintf.o)
 .data          0x0000000000800215        0x0 /usr/lib/gcc/avr/4.5.3/../../../avr/lib/avr6/libc.a(ultoa_invert.o)
 *(.data*)
 *(.rodata)
 *(.rodata*)
 *(.gnu.linkonce.d*)
                0x0000000000800216                . = ALIGN (0x2)
 *fill*         0x0000000000800215        0x1 00
                0x0000000000800216                _edata = .
                0x0000000000800216                PROVIDE (__data_end, .)

.bss            0x0000000000800216        0x8
                0x0000000000800216                PROVIDE (__bss_start, .)
 *(.bss)
 .bss           0x0000000000800216        0x0 /usr/lib/gcc/avr/4.5.3/../../../avr/lib/avr6/crtm2560.o
 .bss           0x0000000000800216        0x0 ./HD44780/HD44780.o
 .bss           0x0000000000800216        0x8 ./main.o
 .bss           0x000000000080021e        0x0 /usr/lib/gcc/avr/4.5.3/../../../avr/lib/avr6/libm.a(addsf3.o)
 .bss           0x000000000080021e        0x0 /usr/lib/gcc/avr/4.5.3/../../../avr/lib/avr6/libm.a(addsf3x.o)
 .bss           0x000000000080021e        0x0 /usr/lib/gcc/avr/4.5.3/../../../avr/lib/avr6/libm.a(cmpsf2.o)
 .bss           0x000000000080021e        0x0 /usr/lib/gcc/avr/4.5.3/../../../avr/lib/avr6/libm.a(fp_cmp.o)
 .bss           0x000000000080021e        0x0 /usr/lib/gcc/avr/4.5.3/../../../avr/lib/avr6/libm.a(fp_inf.o)
 .bss           0x000000000080021e        0x0 /usr/lib/gcc/avr/4.5.3/../../../avr/lib/avr6/libm.a(fp_nan.o)
 .bss           0x000000000080021e        0x0 /usr/lib/gcc/avr/4.5.3/../../../avr/lib/avr6/libm.a(fp_pscA.o)
 .bss           0x000000000080021e        0x0 /usr/lib/gcc/avr/4.5.3/../../../avr/lib/avr6/libm.a(fp_pscB.o)
 .bss           0x000000000080021e        0x0 /usr/lib/gcc/avr/4.5.3/../../../avr/lib/avr6/libm.a(fp_round.o)
 .bss           0x000000000080021e        0x0 /usr/lib/gcc/avr/4.5.3/../../../avr/lib/avr6/libm.a(fp_split3.o)
 .bss           0x000000000080021e        0x0 /usr/lib/gcc/avr/4.5.3/../../../avr/lib/avr6/libm.a(fp_zero.o)
 .bss           0x000000000080021e        0x0 /usr/lib/gcc/avr/4.5.3/../../../avr/lib/avr6/libm.a(gesf2.o)
 .bss           0x000000000080021e        0x0 /usr/lib/gcc/avr/4.5.3/../../../avr/lib/avr6/libm.a(mulsf3.o)
 .bss           0x000000000080021e        0x0 /usr/lib/gcc/avr/4.5.3/../../../avr/lib/avr6/libm.a(mulsf3x.o)
 .bss           0x000000000080021e        0x0 /usr/lib/gcc/avr/4.5.3/../../../avr/lib/avr6/libm.a(sin.o)
 .bss           0x000000000080021e        0x0 /usr/lib/gcc/avr/4.5.3/../../../avr/lib/avr6/libm.a(fp_rempio2.o)
 .bss           0x000000000080021e        0x0 /usr/lib/gcc/avr/4.5.3/../../../avr/lib/avr6/libm.a(fp_sinus.o)
 .bss           0x000000000080021e        0x0 /usr/lib/gcc/avr/4.5.3/../../../avr/lib/avr6/libm.a(fp_mpack.o)
 .bss           0x000000000080021e        0x0 /usr/lib/gcc/avr/4.5.3/../../../avr/lib/avr6/libm.a(fp_powsodd.o)
 .bss           0x000000000080021e        0x0 /usr/lib/gcc/avr/4.5.3/../../../avr/lib/avr6/libm.a(fp_powser.o)
 .bss           0x000000000080021e        0x0 /usr/lib/gcc/avr/4.5.3/../../../avr/lib/avr6/libprintf_flt.a(vfprintf_flt.o)
 .bss           0x000000000080021e        0x0 /usr/lib/gcc/avr/4.5.3/avr6/libgcc.a(_exit.o)
 .bss           0x000000000080021e        0x0 /usr/lib/gcc/avr/4.5.3/avr6/libgcc.a(_copy_data.o)
 .bss           0x000000000080021e        0x0 /usr/lib/gcc/avr/4.5.3/avr6/libgcc.a(_clear_bss.o)
 .bss           0x000000000080021e        0x0 /usr/lib/gcc/avr/4.5.3/../../../avr/lib/avr6/libc.a(ftoa_engine.o)
 .bss           0x000000000080021e        0x0 /usr/lib/gcc/avr/4.5.3/../../../avr/lib/avr6/libc.a(strnlen_P.o)
 .bss           0x000000000080021e        0x0 /usr/lib/gcc/avr/4.5.3/../../../avr/lib/avr6/libc.a(strnlen.o)
 .bss           0x000000000080021e        0x0 /usr/lib/gcc/avr/4.5.3/../../../avr/lib/avr6/libc.a(fputc.o)
 .bss           0x000000000080021e        0x0 /usr/lib/gcc/avr/4.5.3/../../../avr/lib/avr6/libc.a(sprintf.o)
 .bss           0x000000000080021e        0x0 /usr/lib/gcc/avr/4.5.3/../../../avr/lib/avr6/libc.a(ultoa_invert.o)
 *(.bss*)
 *(COMMON)
                0x000000000080021e                PROVIDE (__bss_end, .)
                0x000000000000151a                __data_load_start = LOADADDR (.data)
                0x0000000000001530                __data_load_end = (__data_load_start + SIZEOF (.data))

.noinit         0x000000000080021e        0x0
                0x000000000080021e                PROVIDE (__noinit_start, .)
 *(.noinit*)
                0x000000000080021e                PROVIDE (__noinit_end, .)
                0x000000000080021e                _end = .
                0x000000000080021e                PROVIDE (__heap_start, .)

.eeprom         0x0000000000810000        0x0
 *(.eeprom*)
                0x0000000000810000                __eeprom_end = .

.fuse
 *(.fuse)
 *(.lfuse)
 *(.hfuse)
 *(.efuse)

.lock
 *(.lock*)

.signature
 *(.signature*)

.stab           0x0000000000000000     0x47ac
 *(.stab)
 .stab          0x0000000000000000      0x6e4 /usr/lib/gcc/avr/4.5.3/../../../avr/lib/avr6/crtm2560.o
 .stab          0x00000000000006e4       0x78 /usr/lib/gcc/avr/4.5.3/../../../avr/lib/avr6/libm.a(addsf3.o)
                                         0x84 (size before relaxing)
 .stab          0x000000000000075c      0x4bc /usr/lib/gcc/avr/4.5.3/../../../avr/lib/avr6/libm.a(addsf3x.o)
                                        0x4c8 (size before relaxing)
 .stab          0x0000000000000c18       0x90 /usr/lib/gcc/avr/4.5.3/../../../avr/lib/avr6/libm.a(cmpsf2.o)
                                         0x9c (size before relaxing)
 .stab          0x0000000000000ca8      0x1e0 /usr/lib/gcc/avr/4.5.3/../../../avr/lib/avr6/libm.a(fp_cmp.o)
                                        0x1ec (size before relaxing)
 .stab          0x0000000000000e88       0x78 /usr/lib/gcc/avr/4.5.3/../../../avr/lib/avr6/libm.a(fp_inf.o)
                                         0x84 (size before relaxing)
 .stab          0x0000000000000f00       0x54 /usr/lib/gcc/avr/4.5.3/../../../avr/lib/avr6/libm.a(fp_nan.o)
                                         0x60 (size before relaxing)
 .stab          0x0000000000000f54       0x84 /usr/lib/gcc/avr/4.5.3/../../../avr/lib/avr6/libm.a(fp_pscA.o)
                                         0x90 (size before relaxing)
 .stab          0x0000000000000fd8       0x84 /usr/lib/gcc/avr/4.5.3/../../../avr/lib/avr6/libm.a(fp_pscB.o)
                                         0x90 (size before relaxing)
 .stab          0x000000000000105c       0xfc /usr/lib/gcc/avr/4.5.3/../../../avr/lib/avr6/libm.a(fp_round.o)
                                        0x108 (size before relaxing)
 .stab          0x0000000000001158      0x1d4 /usr/lib/gcc/avr/4.5.3/../../../avr/lib/avr6/libm.a(fp_split3.o)
                                        0x1e0 (size before relaxing)
 .stab          0x000000000000132c       0x90 /usr/lib/gcc/avr/4.5.3/../../../avr/lib/avr6/libm.a(fp_zero.o)
                                         0x9c (size before relaxing)
 .stab          0x00000000000013bc       0x6c /usr/lib/gcc/avr/4.5.3/../../../avr/lib/avr6/libm.a(gesf2.o)
                                         0x78 (size before relaxing)
 .stab          0x0000000000001428       0x48 /usr/lib/gcc/avr/4.5.3/../../../avr/lib/avr6/libm.a(mulsf3.o)
                                         0x54 (size before relaxing)
 .stab          0x0000000000001470      0x4d4 /usr/lib/gcc/avr/4.5.3/../../../avr/lib/avr6/libm.a(mulsf3x.o)
                                        0x4e0 (size before relaxing)
 .stab          0x0000000000001944       0x78 /usr/lib/gcc/avr/4.5.3/../../../avr/lib/avr6/libm.a(sin.o)
                                         0x84 (size before relaxing)
 .stab          0x00000000000019bc      0x21c /usr/lib/gcc/avr/4.5.3/../../../avr/lib/avr6/libm.a(fp_rempio2.o)
                                        0x228 (size before relaxing)
 .stab          0x0000000000001bd8       0xfc /usr/lib/gcc/avr/4.5.3/../../../avr/lib/avr6/libm.a(fp_sinus.o)
                                        0x108 (size before relaxing)
 .stab          0x0000000000001cd4       0xe4 /usr/lib/gcc/avr/4.5.3/../../../avr/lib/avr6/libm.a(fp_mpack.o)
                                         0xf0 (size before relaxing)
 .stab          0x0000000000001db8       0xfc /usr/lib/gcc/avr/4.5.3/../../../avr/lib/avr6/libm.a(fp_powsodd.o)
                                        0x108 (size before relaxing)
 .stab          0x0000000000001eb4      0x1ec /usr/lib/gcc/avr/4.5.3/../../../avr/lib/avr6/libm.a(fp_powser.o)
                                        0x1f8 (size before relaxing)
 .stab          0x00000000000020a0     0x1344 /usr/lib/gcc/avr/4.5.3/../../../avr/lib/avr6/libprintf_flt.a(vfprintf_flt.o)
                                       0x1350 (size before relaxing)
 .stab          0x00000000000033e4      0xa38 /usr/lib/gcc/avr/4.5.3/../../../avr/lib/avr6/libc.a(ftoa_engine.o)
                                        0xa44 (size before relaxing)
 .stab          0x0000000000003e1c       0x9c /usr/lib/gcc/avr/4.5.3/../../../avr/lib/avr6/libc.a(strnlen_P.o)
                                         0xa8 (size before relaxing)
 .stab          0x0000000000003eb8       0x9c /usr/lib/gcc/avr/4.5.3/../../../avr/lib/avr6/libc.a(strnlen.o)
                                         0xa8 (size before relaxing)
 .stab          0x0000000000003f54      0x1e0 /usr/lib/gcc/avr/4.5.3/../../../avr/lib/avr6/libc.a(fputc.o)
                                        0x3c0 (size before relaxing)
 .stab          0x0000000000004134      0x1f8 /usr/lib/gcc/avr/4.5.3/../../../avr/lib/avr6/libc.a(sprintf.o)
                                        0x3d8 (size before relaxing)
 .stab          0x000000000000432c      0x480 /usr/lib/gcc/avr/4.5.3/../../../avr/lib/avr6/libc.a(ultoa_invert.o)
                                        0x48c (size before relaxing)

.stabstr        0x0000000000000000     0x1065
 *(.stabstr)
 .stabstr       0x0000000000000000     0x1065 /usr/lib/gcc/avr/4.5.3/../../../avr/lib/avr6/crtm2560.o

.stab.excl
 *(.stab.excl)

.stab.exclstr
 *(.stab.exclstr)

.stab.index
 *(.stab.index)

.stab.indexstr
 *(.stab.indexstr)

.comment
 *(.comment)

.debug
 *(.debug)

.line
 *(.line)

.debug_srcinfo
 *(.debug_srcinfo)

.debug_sfnames
 *(.debug_sfnames)

.debug_aranges
 *(.debug_aranges)

.debug_pubnames
 *(.debug_pubnames)

.debug_info
 *(.debug_info)
 *(.gnu.linkonce.wi.*)

.debug_abbrev
 *(.debug_abbrev)

.debug_line
 *(.debug_line)

.debug_frame
 *(.debug_frame)

.debug_str
 *(.debug_str)

.debug_loc
 *(.debug_loc)

.debug_macinfo
 *(.debug_macinfo)
OUTPUT(sinus_3.elf elf32-avr)
LOAD linker stubs
