Archive member included because of file (symbol)

/usr/lib/gcc/avr/4.5.3/../../../avr/lib/avr6/libm.a(floatsisf.o)
                              ./main.o (__floatunsisf)
/usr/lib/gcc/avr/4.5.3/../../../avr/lib/avr6/libm.a(mulsf3.o)
                              ./main.o (__mulsf3)
/usr/lib/gcc/avr/4.5.3/../../../avr/lib/avr6/libm.a(mulsf3x.o)
                              /usr/lib/gcc/avr/4.5.3/../../../avr/lib/avr6/libm.a(mulsf3.o) (__mulsf3x)
/usr/lib/gcc/avr/4.5.3/../../../avr/lib/avr6/libm.a(fp_inf.o)
                              /usr/lib/gcc/avr/4.5.3/../../../avr/lib/avr6/libm.a(mulsf3x.o) (__fp_inf)
/usr/lib/gcc/avr/4.5.3/../../../avr/lib/avr6/libm.a(fp_nan.o)
                              /usr/lib/gcc/avr/4.5.3/../../../avr/lib/avr6/libm.a(mulsf3x.o) (__fp_nan)
/usr/lib/gcc/avr/4.5.3/../../../avr/lib/avr6/libm.a(fp_pscA.o)
                              /usr/lib/gcc/avr/4.5.3/../../../avr/lib/avr6/libm.a(mulsf3x.o) (__fp_pscA)
/usr/lib/gcc/avr/4.5.3/../../../avr/lib/avr6/libm.a(fp_pscB.o)
                              /usr/lib/gcc/avr/4.5.3/../../../avr/lib/avr6/libm.a(mulsf3x.o) (__fp_pscB)
/usr/lib/gcc/avr/4.5.3/../../../avr/lib/avr6/libm.a(fp_round.o)
                              /usr/lib/gcc/avr/4.5.3/../../../avr/lib/avr6/libm.a(mulsf3.o) (__fp_round)
/usr/lib/gcc/avr/4.5.3/../../../avr/lib/avr6/libm.a(fp_split3.o)
                              /usr/lib/gcc/avr/4.5.3/../../../avr/lib/avr6/libm.a(mulsf3x.o) (__fp_split3)
/usr/lib/gcc/avr/4.5.3/../../../avr/lib/avr6/libm.a(fp_zero.o)
                              /usr/lib/gcc/avr/4.5.3/../../../avr/lib/avr6/libm.a(mulsf3x.o) (__fp_szero)
/usr/lib/gcc/avr/4.5.3/../../../avr/lib/avr6/libprintf_flt.a(vfprintf_flt.o)
                              (vfprintf)
/usr/lib/gcc/avr/4.5.3/avr6/libgcc.a(_exit.o)
                              /usr/lib/gcc/avr/4.5.3/../../../avr/lib/avr6/crtm2560.o (exit)
/usr/lib/gcc/avr/4.5.3/avr6/libgcc.a(_copy_data.o)
                              ./main.o (__do_copy_data)
/usr/lib/gcc/avr/4.5.3/../../../avr/lib/avr6/libc.a(ftoa_engine.o)
                              /usr/lib/gcc/avr/4.5.3/../../../avr/lib/avr6/libprintf_flt.a(vfprintf_flt.o) (__ftoa_engine)
/usr/lib/gcc/avr/4.5.3/../../../avr/lib/avr6/libc.a(strnlen_P.o)
                              /usr/lib/gcc/avr/4.5.3/../../../avr/lib/avr6/libprintf_flt.a(vfprintf_flt.o) (strnlen_P)
/usr/lib/gcc/avr/4.5.3/../../../avr/lib/avr6/libc.a(strnlen.o)
                              /usr/lib/gcc/avr/4.5.3/../../../avr/lib/avr6/libprintf_flt.a(vfprintf_flt.o) (strnlen)
/usr/lib/gcc/avr/4.5.3/../../../avr/lib/avr6/libc.a(fputc.o)
                              /usr/lib/gcc/avr/4.5.3/../../../avr/lib/avr6/libprintf_flt.a(vfprintf_flt.o) (fputc)
/usr/lib/gcc/avr/4.5.3/../../../avr/lib/avr6/libc.a(sprintf.o)
                              ./main.o (sprintf)
/usr/lib/gcc/avr/4.5.3/../../../avr/lib/avr6/libc.a(ultoa_invert.o)
                              /usr/lib/gcc/avr/4.5.3/../../../avr/lib/avr6/libprintf_flt.a(vfprintf_flt.o) (__ultoa_invert)

Memory Configuration

Name             Origin             Length             Attributes
text             0x0000000000000000 0x0000000000100000 xr
data             0x0000000000800200 0x000000000000fe00 rw !x
eeprom           0x0000000000810000 0x0000000000010000 rw !x
fuse             0x0000000000820000 0x0000000000000400 rw !x
lock             0x0000000000830000 0x0000000000000400 rw !x
signature        0x0000000000840000 0x0000000000000400 rw !x
*default*        0x0000000000000000 0xffffffffffffffff

Linker script and memory map

Address of section .data set to 0x800200
LOAD /usr/lib/gcc/avr/4.5.3/../../../avr/lib/avr6/crtm2560.o
LOAD ./HD44780/HD44780.o
LOAD ./main.o
LOAD /usr/lib/gcc/avr/4.5.3/../../../avr/lib/avr6/libm.a
LOAD /usr/lib/gcc/avr/4.5.3/../../../avr/lib/avr6/libprintf_flt.a
LOAD /usr/lib/gcc/avr/4.5.3/avr6/libgcc.a
LOAD /usr/lib/gcc/avr/4.5.3/../../../avr/lib/avr6/libc.a
LOAD /usr/lib/gcc/avr/4.5.3/avr6/libgcc.a

.hash
 *(.hash)

.dynsym
 *(.dynsym)

.dynstr
 *(.dynstr)

.gnu.version
 *(.gnu.version)

.gnu.version_d
 *(.gnu.version_d)

.gnu.version_r
 *(.gnu.version_r)

.rel.init
 *(.rel.init)

.rela.init
 *(.rela.init)

.rel.text
 *(.rel.text)
 *(.rel.text.*)
 *(.rel.gnu.linkonce.t*)

.rela.text
 *(.rela.text)
 *(.rela.text.*)
 *(.rela.gnu.linkonce.t*)

.rel.fini
 *(.rel.fini)

.rela.fini
 *(.rela.fini)

.rel.rodata
 *(.rel.rodata)
 *(.rel.rodata.*)
 *(.rel.gnu.linkonce.r*)

.rela.rodata
 *(.rela.rodata)
 *(.rela.rodata.*)
 *(.rela.gnu.linkonce.r*)

.rel.data
 *(.rel.data)
 *(.rel.data.*)
 *(.rel.gnu.linkonce.d*)

.rela.data
 *(.rela.data)
 *(.rela.data.*)
 *(.rela.gnu.linkonce.d*)

.rel.ctors
 *(.rel.ctors)

.rela.ctors
 *(.rela.ctors)

.rel.dtors
 *(.rel.dtors)

.rela.dtors
 *(.rela.dtors)

.rel.got
 *(.rel.got)

.rela.got
 *(.rela.got)

.rel.bss
 *(.rel.bss)

.rela.bss
 *(.rela.bss)

.rel.plt
 *(.rel.plt)

.rela.plt
 *(.rela.plt)

.text           0x0000000000000000     0x1208
 *(.vectors)
 .vectors       0x0000000000000000       0xe4 /usr/lib/gcc/avr/4.5.3/../../../avr/lib/avr6/crtm2560.o
                0x0000000000000000                __vectors
                0x0000000000000000                __vector_default
 *(.vectors)
 *(.progmem.gcc*)
 *(.progmem*)
 .progmem.data  0x00000000000000e4        0x8 /usr/lib/gcc/avr/4.5.3/../../../avr/lib/avr6/libprintf_flt.a(vfprintf_flt.o)
 .progmem.data  0x00000000000000ec       0xfa /usr/lib/gcc/avr/4.5.3/../../../avr/lib/avr6/libc.a(ftoa_engine.o)
                0x00000000000001e6                . = ALIGN (0x2)
                0x00000000000001e6                __trampolines_start = .
 *(.trampolines)
 .trampolines   0x00000000000001e6        0x0 linker stubs
 *(.trampolines*)
                0x00000000000001e6                __trampolines_end = .
 *(.jumptables)
 *(.jumptables*)
 *(.lowtext)
 *(.lowtext*)
                0x00000000000001e6                __ctors_start = .
 *(.ctors)
                0x00000000000001e6                __ctors_end = .
                0x00000000000001e6                __dtors_start = .
 *(.dtors)
                0x00000000000001e6                __dtors_end = .
 SORT(*)(.ctors)
 SORT(*)(.dtors)
 *(.init0)
 .init0         0x00000000000001e6        0x0 /usr/lib/gcc/avr/4.5.3/../../../avr/lib/avr6/crtm2560.o
                0x00000000000001e6                __init
 *(.init0)
 *(.init1)
 *(.init1)
 *(.init2)
 .init2         0x00000000000001e6       0x10 /usr/lib/gcc/avr/4.5.3/../../../avr/lib/avr6/crtm2560.o
 *(.init2)
 *(.init3)
 *(.init3)
 *(.init4)
 .init4         0x00000000000001f6       0x1a /usr/lib/gcc/avr/4.5.3/avr6/libgcc.a(_copy_data.o)
                0x00000000000001f6                __do_copy_data
 *(.init4)
 *(.init5)
 *(.init5)
 *(.init6)
 *(.init6)
 *(.init7)
 *(.init7)
 *(.init8)
 *(.init8)
 *(.init9)
 .init9         0x0000000000000210        0x8 /usr/lib/gcc/avr/4.5.3/../../../avr/lib/avr6/crtm2560.o
 *(.init9)
 *(.text)
 .text          0x0000000000000218        0x4 /usr/lib/gcc/avr/4.5.3/../../../avr/lib/avr6/crtm2560.o
                0x0000000000000218                __vector_38
                0x0000000000000218                __vector_22
                0x0000000000000218                __vector_28
                0x0000000000000218                __vector_1
                0x0000000000000218                __vector_32
                0x0000000000000218                __vector_34
                0x0000000000000218                __vector_24
                0x0000000000000218                __vector_12
                0x0000000000000218                __vector_55
                0x0000000000000218                __vector_46
                0x0000000000000218                __bad_interrupt
                0x0000000000000218                __vector_6
                0x0000000000000218                __vector_31
                0x0000000000000218                __vector_35
                0x0000000000000218                __vector_39
                0x0000000000000218                __vector_3
                0x0000000000000218                __vector_23
                0x0000000000000218                __vector_30
                0x0000000000000218                __vector_45
                0x0000000000000218                __vector_25
                0x0000000000000218                __vector_11
                0x0000000000000218                __vector_54
                0x0000000000000218                __vector_13
                0x0000000000000218                __vector_17
                0x0000000000000218                __vector_19
                0x0000000000000218                __vector_56
                0x0000000000000218                __vector_7
                0x0000000000000218                __vector_49
                0x0000000000000218                __vector_41
                0x0000000000000218                __vector_43
                0x0000000000000218                __vector_27
                0x0000000000000218                __vector_5
                0x0000000000000218                __vector_33
                0x0000000000000218                __vector_47
                0x0000000000000218                __vector_52
                0x0000000000000218                __vector_37
                0x0000000000000218                __vector_4
                0x0000000000000218                __vector_44
                0x0000000000000218                __vector_51
                0x0000000000000218                __vector_9
                0x0000000000000218                __vector_2
                0x0000000000000218                __vector_21
                0x0000000000000218                __vector_15
                0x0000000000000218                __vector_36
                0x0000000000000218                __vector_29
                0x0000000000000218                __vector_40
                0x0000000000000218                __vector_8
                0x0000000000000218                __vector_26
                0x0000000000000218                __vector_48
                0x0000000000000218                __vector_14
                0x0000000000000218                __vector_53
                0x0000000000000218                __vector_10
                0x0000000000000218                __vector_50
                0x0000000000000218                __vector_16
                0x0000000000000218                __vector_18
                0x0000000000000218                __vector_20
                0x0000000000000218                __vector_42
 .text          0x000000000000021c      0x1fa ./HD44780/HD44780.o
                0x000000000000021c                _LCD_OutNibble
                0x0000000000000246                _LCD_InNibble
                0x000000000000025a                _LCD_Read
                0x0000000000000282                LCD_ReadStatus
                0x000000000000028a                _LCD_Write
                0x00000000000002ba                LCD_WriteCommand
                0x00000000000002c2                LCD_WriteData
                0x00000000000002ca                LCD_ReadData
                0x00000000000002d2                LCD_WriteText
                0x00000000000002fa                LCD_GoTo
                0x000000000000030e                LCD_Clear
                0x0000000000000322                LCD_Home
                0x0000000000000336                LCD_Initalize
                0x00000000000003ac                LCD_ProgrammChar
                0x00000000000003fe                LCD_Lightness
 .text          0x0000000000000416      0x15e ./main.o
                0x0000000000000416                ADC_Init
                0x000000000000043c                main
 .text          0x0000000000000574        0x0 /usr/lib/gcc/avr/4.5.3/../../../avr/lib/avr6/libm.a(floatsisf.o)
 .text          0x0000000000000574        0x0 /usr/lib/gcc/avr/4.5.3/../../../avr/lib/avr6/libm.a(mulsf3.o)
 .text          0x0000000000000574        0x0 /usr/lib/gcc/avr/4.5.3/../../../avr/lib/avr6/libm.a(mulsf3x.o)
 .text          0x0000000000000574        0x0 /usr/lib/gcc/avr/4.5.3/../../../avr/lib/avr6/libm.a(fp_inf.o)
 .text          0x0000000000000574        0x0 /usr/lib/gcc/avr/4.5.3/../../../avr/lib/avr6/libm.a(fp_nan.o)
 .text          0x0000000000000574        0x0 /usr/lib/gcc/avr/4.5.3/../../../avr/lib/avr6/libm.a(fp_pscA.o)
 .text          0x0000000000000574        0x0 /usr/lib/gcc/avr/4.5.3/../../../avr/lib/avr6/libm.a(fp_pscB.o)
 .text          0x0000000000000574        0x0 /usr/lib/gcc/avr/4.5.3/../../../avr/lib/avr6/libm.a(fp_round.o)
 .text          0x0000000000000574        0x0 /usr/lib/gcc/avr/4.5.3/../../../avr/lib/avr6/libm.a(fp_split3.o)
 .text          0x0000000000000574        0x0 /usr/lib/gcc/avr/4.5.3/../../../avr/lib/avr6/libm.a(fp_zero.o)
 .text          0x0000000000000574        0x0 /usr/lib/gcc/avr/4.5.3/../../../avr/lib/avr6/libprintf_flt.a(vfprintf_flt.o)
 .text          0x0000000000000574        0x0 /usr/lib/gcc/avr/4.5.3/avr6/libgcc.a(_exit.o)
 .text          0x0000000000000574        0x0 /usr/lib/gcc/avr/4.5.3/avr6/libgcc.a(_copy_data.o)
 .text          0x0000000000000574        0x0 /usr/lib/gcc/avr/4.5.3/../../../avr/lib/avr6/libc.a(ftoa_engine.o)
 .text          0x0000000000000574        0x0 /usr/lib/gcc/avr/4.5.3/../../../avr/lib/avr6/libc.a(strnlen_P.o)
 .text          0x0000000000000574        0x0 /usr/lib/gcc/avr/4.5.3/../../../avr/lib/avr6/libc.a(strnlen.o)
 .text          0x0000000000000574        0x0 /usr/lib/gcc/avr/4.5.3/../../../avr/lib/avr6/libc.a(fputc.o)
 .text          0x0000000000000574        0x0 /usr/lib/gcc/avr/4.5.3/../../../avr/lib/avr6/libc.a(sprintf.o)
 .text          0x0000000000000574        0x0 /usr/lib/gcc/avr/4.5.3/../../../avr/lib/avr6/libc.a(ultoa_invert.o)
                0x0000000000000574                . = ALIGN (0x2)
 *(.text.*)
 .text.avr-libc.fplib
                0x0000000000000574       0x7a /usr/lib/gcc/avr/4.5.3/../../../avr/lib/avr6/libm.a(floatsisf.o)
                0x0000000000000574                __floatunsisf
                0x0000000000000578                __floatsisf
 .text.avr-libc.fplib
                0x00000000000005ee        0x4 /usr/lib/gcc/avr/4.5.3/../../../avr/lib/avr6/libm.a(mulsf3.o)
                0x00000000000005ee                __mulsf3
 .text.avr-libc.fplib
                0x00000000000005f2       0xc2 /usr/lib/gcc/avr/4.5.3/../../../avr/lib/avr6/libm.a(mulsf3x.o)
                0x0000000000000606                __mulsf3x
                0x000000000000060a                __mulsf3_pse
 .text.avr-libc.fplib
                0x00000000000006b4        0xc /usr/lib/gcc/avr/4.5.3/../../../avr/lib/avr6/libm.a(fp_inf.o)
                0x00000000000006b4                __fp_inf
 .text.avr-libc.fplib
                0x00000000000006c0        0x6 /usr/lib/gcc/avr/4.5.3/../../../avr/lib/avr6/libm.a(fp_nan.o)
                0x00000000000006c0                __fp_nan
 .text.avr-libc.fplib
                0x00000000000006c6        0xe /usr/lib/gcc/avr/4.5.3/../../../avr/lib/avr6/libm.a(fp_pscA.o)
                0x00000000000006c6                __fp_pscA
 .text.avr-libc.fplib
                0x00000000000006d4        0xe /usr/lib/gcc/avr/4.5.3/../../../avr/lib/avr6/libm.a(fp_pscB.o)
                0x00000000000006d4                __fp_pscB
 .text.avr-libc.fplib
                0x00000000000006e2       0x22 /usr/lib/gcc/avr/4.5.3/../../../avr/lib/avr6/libm.a(fp_round.o)
                0x00000000000006e2                __fp_round
 .text.avr-libc.fplib
                0x0000000000000704       0x44 /usr/lib/gcc/avr/4.5.3/../../../avr/lib/avr6/libm.a(fp_split3.o)
                0x0000000000000704                __fp_split3
                0x0000000000000714                __fp_splitA
 .text.avr-libc.fplib
                0x0000000000000748        0xe /usr/lib/gcc/avr/4.5.3/../../../avr/lib/avr6/libm.a(fp_zero.o)
                0x0000000000000748                __fp_zero
                0x000000000000074a                __fp_szero
 .text.avr-libc
                0x0000000000000756      0x75e /usr/lib/gcc/avr/4.5.3/../../../avr/lib/avr6/libprintf_flt.a(vfprintf_flt.o)
                0x0000000000000756                vfprintf
 .text.libgcc   0x0000000000000eb4        0x0 /usr/lib/gcc/avr/4.5.3/avr6/libgcc.a(_exit.o)
 .text.libgcc   0x0000000000000eb4        0x0 /usr/lib/gcc/avr/4.5.3/avr6/libgcc.a(_copy_data.o)
 .text.avr-libc
                0x0000000000000eb4      0x1b0 /usr/lib/gcc/avr/4.5.3/../../../avr/lib/avr6/libc.a(ftoa_engine.o)
                0x0000000000000eb4                __ftoa_engine
 .text.avr-libc
                0x0000000000001064       0x16 /usr/lib/gcc/avr/4.5.3/../../../avr/lib/avr6/libc.a(strnlen_P.o)
                0x0000000000001064                strnlen_P
 .text.avr-libc
                0x000000000000107a       0x16 /usr/lib/gcc/avr/4.5.3/../../../avr/lib/avr6/libc.a(strnlen.o)
                0x000000000000107a                strnlen
 .text.avr-libc
                0x0000000000001090       0x58 /usr/lib/gcc/avr/4.5.3/../../../avr/lib/avr6/libc.a(fputc.o)
                0x0000000000001090                fputc
 .text.avr-libc
                0x00000000000010e8       0x60 /usr/lib/gcc/avr/4.5.3/../../../avr/lib/avr6/libc.a(sprintf.o)
                0x00000000000010e8                sprintf
 .text.avr-libc
                0x0000000000001148       0xbc /usr/lib/gcc/avr/4.5.3/../../../avr/lib/avr6/libc.a(ultoa_invert.o)
                0x0000000000001148                __ultoa_invert
                0x0000000000001204                . = ALIGN (0x2)
 *(.fini9)
 .fini9         0x0000000000001204        0x0 /usr/lib/gcc/avr/4.5.3/avr6/libgcc.a(_exit.o)
                0x0000000000001204                exit
                0x0000000000001204                _exit
 *(.fini9)
 *(.fini8)
 *(.fini8)
 *(.fini7)
 *(.fini7)
 *(.fini6)
 *(.fini6)
 *(.fini5)
 *(.fini5)
 *(.fini4)
 *(.fini4)
 *(.fini3)
 *(.fini3)
 *(.fini2)
 *(.fini2)
 *(.fini1)
 *(.fini1)
 *(.fini0)
 .fini0         0x0000000000001204        0x4 /usr/lib/gcc/avr/4.5.3/avr6/libgcc.a(_exit.o)
 *(.fini0)
                0x0000000000001208                _etext = .

.data           0x0000000000800200       0x14 load address 0x0000000000001208
                0x0000000000800200                PROVIDE (__data_start, .)
 *(.data)
 .data          0x0000000000800200        0x0 /usr/lib/gcc/avr/4.5.3/../../../avr/lib/avr6/crtm2560.o
 .data          0x0000000000800200        0x0 ./HD44780/HD44780.o
 .data          0x0000000000800200       0x14 ./main.o
 .data          0x0000000000800214        0x0 /usr/lib/gcc/avr/4.5.3/../../../avr/lib/avr6/libm.a(floatsisf.o)
 .data          0x0000000000800214        0x0 /usr/lib/gcc/avr/4.5.3/../../../avr/lib/avr6/libm.a(mulsf3.o)
 .data          0x0000000000800214        0x0 /usr/lib/gcc/avr/4.5.3/../../../avr/lib/avr6/libm.a(mulsf3x.o)
 .data          0x0000000000800214        0x0 /usr/lib/gcc/avr/4.5.3/../../../avr/lib/avr6/libm.a(fp_inf.o)
 .data          0x0000000000800214        0x0 /usr/lib/gcc/avr/4.5.3/../../../avr/lib/avr6/libm.a(fp_nan.o)
 .data          0x0000000000800214        0x0 /usr/lib/gcc/avr/4.5.3/../../../avr/lib/avr6/libm.a(fp_pscA.o)
 .data          0x0000000000800214        0x0 /usr/lib/gcc/avr/4.5.3/../../../avr/lib/avr6/libm.a(fp_pscB.o)
 .data          0x0000000000800214        0x0 /usr/lib/gcc/avr/4.5.3/../../../avr/lib/avr6/libm.a(fp_round.o)
 .data          0x0000000000800214        0x0 /usr/lib/gcc/avr/4.5.3/../../../avr/lib/avr6/libm.a(fp_split3.o)
 .data          0x0000000000800214        0x0 /usr/lib/gcc/avr/4.5.3/../../../avr/lib/avr6/libm.a(fp_zero.o)
 .data          0x0000000000800214        0x0 /usr/lib/gcc/avr/4.5.3/../../../avr/lib/avr6/libprintf_flt.a(vfprintf_flt.o)
 .data          0x0000000000800214        0x0 /usr/lib/gcc/avr/4.5.3/avr6/libgcc.a(_exit.o)
 .data          0x0000000000800214        0x0 /usr/lib/gcc/avr/4.5.3/avr6/libgcc.a(_copy_data.o)
 .data          0x0000000000800214        0x0 /usr/lib/gcc/avr/4.5.3/../../../avr/lib/avr6/libc.a(ftoa_engine.o)
 .data          0x0000000000800214        0x0 /usr/lib/gcc/avr/4.5.3/../../../avr/lib/avr6/libc.a(strnlen_P.o)
 .data          0x0000000000800214        0x0 /usr/lib/gcc/avr/4.5.3/../../../avr/lib/avr6/libc.a(strnlen.o)
 .data          0x0000000000800214        0x0 /usr/lib/gcc/avr/4.5.3/../../../avr/lib/avr6/libc.a(fputc.o)
 .data          0x0000000000800214        0x0 /usr/lib/gcc/avr/4.5.3/../../../avr/lib/avr6/libc.a(sprintf.o)
 .data          0x0000000000800214        0x0 /usr/lib/gcc/avr/4.5.3/../../../avr/lib/avr6/libc.a(ultoa_invert.o)
 *(.data*)
 *(.rodata)
 *(.rodata*)
 *(.gnu.linkonce.d*)
                0x0000000000800214                . = ALIGN (0x2)
                0x0000000000800214                _edata = .
                0x0000000000800214                PROVIDE (__data_end, .)

.bss            0x0000000000800214        0x0
                0x0000000000800214                PROVIDE (__bss_start, .)
 *(.bss)
 .bss           0x0000000000800214        0x0 /usr/lib/gcc/avr/4.5.3/../../../avr/lib/avr6/crtm2560.o
 .bss           0x0000000000800214        0x0 ./HD44780/HD44780.o
 .bss           0x0000000000800214        0x0 ./main.o
 .bss           0x0000000000800214        0x0 /usr/lib/gcc/avr/4.5.3/../../../avr/lib/avr6/libm.a(floatsisf.o)
 .bss           0x0000000000800214        0x0 /usr/lib/gcc/avr/4.5.3/../../../avr/lib/avr6/libm.a(mulsf3.o)
 .bss           0x0000000000800214        0x0 /usr/lib/gcc/avr/4.5.3/../../../avr/lib/avr6/libm.a(mulsf3x.o)
 .bss           0x0000000000800214        0x0 /usr/lib/gcc/avr/4.5.3/../../../avr/lib/avr6/libm.a(fp_inf.o)
 .bss           0x0000000000800214        0x0 /usr/lib/gcc/avr/4.5.3/../../../avr/lib/avr6/libm.a(fp_nan.o)
 .bss           0x0000000000800214        0x0 /usr/lib/gcc/avr/4.5.3/../../../avr/lib/avr6/libm.a(fp_pscA.o)
 .bss           0x0000000000800214        0x0 /usr/lib/gcc/avr/4.5.3/../../../avr/lib/avr6/libm.a(fp_pscB.o)
 .bss           0x0000000000800214        0x0 /usr/lib/gcc/avr/4.5.3/../../../avr/lib/avr6/libm.a(fp_round.o)
 .bss           0x0000000000800214        0x0 /usr/lib/gcc/avr/4.5.3/../../../avr/lib/avr6/libm.a(fp_split3.o)
 .bss           0x0000000000800214        0x0 /usr/lib/gcc/avr/4.5.3/../../../avr/lib/avr6/libm.a(fp_zero.o)
 .bss           0x0000000000800214        0x0 /usr/lib/gcc/avr/4.5.3/../../../avr/lib/avr6/libprintf_flt.a(vfprintf_flt.o)
 .bss           0x0000000000800214        0x0 /usr/lib/gcc/avr/4.5.3/avr6/libgcc.a(_exit.o)
 .bss           0x0000000000800214        0x0 /usr/lib/gcc/avr/4.5.3/avr6/libgcc.a(_copy_data.o)
 .bss           0x0000000000800214        0x0 /usr/lib/gcc/avr/4.5.3/../../../avr/lib/avr6/libc.a(ftoa_engine.o)
 .bss           0x0000000000800214        0x0 /usr/lib/gcc/avr/4.5.3/../../../avr/lib/avr6/libc.a(strnlen_P.o)
 .bss           0x0000000000800214        0x0 /usr/lib/gcc/avr/4.5.3/../../../avr/lib/avr6/libc.a(strnlen.o)
 .bss           0x0000000000800214        0x0 /usr/lib/gcc/avr/4.5.3/../../../avr/lib/avr6/libc.a(fputc.o)
 .bss           0x0000000000800214        0x0 /usr/lib/gcc/avr/4.5.3/../../../avr/lib/avr6/libc.a(sprintf.o)
 .bss           0x0000000000800214        0x0 /usr/lib/gcc/avr/4.5.3/../../../avr/lib/avr6/libc.a(ultoa_invert.o)
 *(.bss*)
 *(COMMON)
                0x0000000000800214                PROVIDE (__bss_end, .)
                0x0000000000001208                __data_load_start = LOADADDR (.data)
                0x000000000000121c                __data_load_end = (__data_load_start + SIZEOF (.data))

.noinit         0x0000000000800214        0x0
                0x0000000000800214                PROVIDE (__noinit_start, .)
 *(.noinit*)
                0x0000000000800214                PROVIDE (__noinit_end, .)
                0x0000000000800214                _end = .
                0x0000000000800214                PROVIDE (__heap_start, .)

.eeprom         0x0000000000810000        0x0
 *(.eeprom*)
                0x0000000000810000                __eeprom_end = .

.fuse
 *(.fuse)
 *(.lfuse)
 *(.hfuse)
 *(.efuse)

.lock
 *(.lock*)

.signature
 *(.signature*)

.stab           0x0000000000000000     0x3b58
 *(.stab)
 .stab          0x0000000000000000      0x6e4 /usr/lib/gcc/avr/4.5.3/../../../avr/lib/avr6/crtm2560.o
 .stab          0x00000000000006e4      0x318 /usr/lib/gcc/avr/4.5.3/../../../avr/lib/avr6/libm.a(floatsisf.o)
                                        0x324 (size before relaxing)
 .stab          0x00000000000009fc       0x48 /usr/lib/gcc/avr/4.5.3/../../../avr/lib/avr6/libm.a(mulsf3.o)
                                         0x54 (size before relaxing)
 .stab          0x0000000000000a44      0x4d4 /usr/lib/gcc/avr/4.5.3/../../../avr/lib/avr6/libm.a(mulsf3x.o)
                                        0x4e0 (size before relaxing)
 .stab          0x0000000000000f18       0x78 /usr/lib/gcc/avr/4.5.3/../../../avr/lib/avr6/libm.a(fp_inf.o)
                                         0x84 (size before relaxing)
 .stab          0x0000000000000f90       0x54 /usr/lib/gcc/avr/4.5.3/../../../avr/lib/avr6/libm.a(fp_nan.o)
                                         0x60 (size before relaxing)
 .stab          0x0000000000000fe4       0x84 /usr/lib/gcc/avr/4.5.3/../../../avr/lib/avr6/libm.a(fp_pscA.o)
                                         0x90 (size before relaxing)
 .stab          0x0000000000001068       0x84 /usr/lib/gcc/avr/4.5.3/../../../avr/lib/avr6/libm.a(fp_pscB.o)
                                         0x90 (size before relaxing)
 .stab          0x00000000000010ec       0xfc /usr/lib/gcc/avr/4.5.3/../../../avr/lib/avr6/libm.a(fp_round.o)
                                        0x108 (size before relaxing)
 .stab          0x00000000000011e8      0x1d4 /usr/lib/gcc/avr/4.5.3/../../../avr/lib/avr6/libm.a(fp_split3.o)
                                        0x1e0 (size before relaxing)
 .stab          0x00000000000013bc       0x90 /usr/lib/gcc/avr/4.5.3/../../../avr/lib/avr6/libm.a(fp_zero.o)
                                         0x9c (size before relaxing)
 .stab          0x000000000000144c     0x1344 /usr/lib/gcc/avr/4.5.3/../../../avr/lib/avr6/libprintf_flt.a(vfprintf_flt.o)
                                       0x1350 (size before relaxing)
 .stab          0x0000000000002790      0xa38 /usr/lib/gcc/avr/4.5.3/../../../avr/lib/avr6/libc.a(ftoa_engine.o)
                                        0xa44 (size before relaxing)
 .stab          0x00000000000031c8       0x9c /usr/lib/gcc/avr/4.5.3/../../../avr/lib/avr6/libc.a(strnlen_P.o)
                                         0xa8 (size before relaxing)
 .stab          0x0000000000003264       0x9c /usr/lib/gcc/avr/4.5.3/../../../avr/lib/avr6/libc.a(strnlen.o)
                                         0xa8 (size before relaxing)
 .stab          0x0000000000003300      0x1e0 /usr/lib/gcc/avr/4.5.3/../../../avr/lib/avr6/libc.a(fputc.o)
                                        0x3c0 (size before relaxing)
 .stab          0x00000000000034e0      0x1f8 /usr/lib/gcc/avr/4.5.3/../../../avr/lib/avr6/libc.a(sprintf.o)
                                        0x3d8 (size before relaxing)
 .stab          0x00000000000036d8      0x480 /usr/lib/gcc/avr/4.5.3/../../../avr/lib/avr6/libc.a(ultoa_invert.o)
                                        0x48c (size before relaxing)

.stabstr        0x0000000000000000      0xe9a
 *(.stabstr)
 .stabstr       0x0000000000000000      0xe9a /usr/lib/gcc/avr/4.5.3/../../../avr/lib/avr6/crtm2560.o

.stab.excl
 *(.stab.excl)

.stab.exclstr
 *(.stab.exclstr)

.stab.index
 *(.stab.index)

.stab.indexstr
 *(.stab.indexstr)

.comment
 *(.comment)

.debug
 *(.debug)

.line
 *(.line)

.debug_srcinfo
 *(.debug_srcinfo)

.debug_sfnames
 *(.debug_sfnames)

.debug_aranges
 *(.debug_aranges)

.debug_pubnames
 *(.debug_pubnames)

.debug_info
 *(.debug_info)
 *(.gnu.linkonce.wi.*)

.debug_abbrev
 *(.debug_abbrev)

.debug_line
 *(.debug_line)

.debug_frame
 *(.debug_frame)

.debug_str
 *(.debug_str)

.debug_loc
 *(.debug_loc)

.debug_macinfo
 *(.debug_macinfo)
OUTPUT(ADC_mega.elf elf32-avr)
LOAD linker stubs
